Component: ARM Compiler 5.06 update 5 (build 528) Tool: armlink [4d35e2]

==============================================================================

Section Cross References

    main.o(i.loopback_tcps) refers to _printf_percent.o(.ARM.Collect$$_printf_percent$$00000000) for _printf_percent
    main.o(i.loopback_tcps) refers to _printf_d.o(.ARM.Collect$$_printf_percent$$00000009) for _printf_d
    main.o(i.loopback_tcps) refers to _printf_dec.o(.text) for _printf_int_dec
    main.o(i.loopback_tcps) refers to w5500.o(i.WIZCHIP_READ) for WIZCHIP_READ
    main.o(i.loopback_tcps) refers to noretval__2printf.o(.text) for __2printf
    main.o(i.loopback_tcps) refers to w5500.o(i.WIZCHIP_WRITE) for WIZCHIP_WRITE
    main.o(i.loopback_tcps) refers to w5500.o(i.getSn_RX_RSR) for getSn_RX_RSR
    main.o(i.loopback_tcps) refers to socket.o(i.recv) for recv
    main.o(i.loopback_tcps) refers to socket.o(i.send) for send
    main.o(i.loopback_tcps) refers to socket.o(i.close) for close
    main.o(i.loopback_tcps) refers to socket.o(i.disconnect) for disconnect
    main.o(i.loopback_tcps) refers to socket.o(i.listen) for listen
    main.o(i.loopback_tcps) refers to socket.o(i.socket) for socket
    main.o(i.loopback_udps) refers to _printf_percent.o(.ARM.Collect$$_printf_percent$$00000000) for _printf_percent
    main.o(i.loopback_udps) refers to _printf_d.o(.ARM.Collect$$_printf_percent$$00000009) for _printf_d
    main.o(i.loopback_udps) refers to _printf_dec.o(.text) for _printf_int_dec
    main.o(i.loopback_udps) refers to w5500.o(i.WIZCHIP_READ) for WIZCHIP_READ
    main.o(i.loopback_udps) refers to w5500.o(i.getSn_RX_RSR) for getSn_RX_RSR
    main.o(i.loopback_udps) refers to socket.o(i.recvfrom) for recvfrom
    main.o(i.loopback_udps) refers to noretval__2printf.o(.text) for __2printf
    main.o(i.loopback_udps) refers to socket.o(i.sendto) for sendto
    main.o(i.loopback_udps) refers to socket.o(i.socket) for socket
    main.o(i.main) refers to _printf_percent.o(.ARM.Collect$$_printf_percent$$00000000) for _printf_percent
    main.o(i.main) refers to _printf_d.o(.ARM.Collect$$_printf_percent$$00000009) for _printf_d
    main.o(i.main) refers to _printf_dec.o(.text) for _printf_int_dec
    main.o(i.main) refers to spi.o(i.spiW5500_init) for spiW5500_init
    main.o(i.main) refers to wizchip_conf.o(i.reg_wizchip_cs_cbfunc) for reg_wizchip_cs_cbfunc
    main.o(i.main) refers to wizchip_conf.o(i.reg_wizchip_spi_cbfunc) for reg_wizchip_spi_cbfunc
    main.o(i.main) refers to wizchip_conf.o(i.ctlwizchip) for ctlwizchip
    main.o(i.main) refers to noretval__2printf.o(.text) for __2printf
    main.o(i.main) refers to main.o(i.network_init) for network_init
    main.o(i.main) refers to main.o(i.loopback_tcps) for loopback_tcps
    main.o(i.main) refers to main.o(i.loopback_udps) for loopback_udps
    main.o(i.main) refers to main.o(.constdata) for .constdata
    main.o(i.main) refers to main.o(i.wizchip_deselect) for wizchip_deselect
    main.o(i.main) refers to main.o(i.wizchip_select) for wizchip_select
    main.o(i.main) refers to main.o(i.wizchip_write) for wizchip_write
    main.o(i.main) refers to main.o(i.wizchip_read) for wizchip_read
    main.o(i.main) refers to main.o(.bss) for gDATABUF
    main.o(i.network_init) refers to _printf_percent.o(.ARM.Collect$$_printf_percent$$00000000) for _printf_percent
    main.o(i.network_init) refers to _printf_s.o(.ARM.Collect$$_printf_percent$$00000014) for _printf_s
    main.o(i.network_init) refers to _printf_str.o(.text) for _printf_str
    main.o(i.network_init) refers to _printf_pad.o(.text) for _printf_pre_padding
    main.o(i.network_init) refers to _printf_x.o(.ARM.Collect$$_printf_percent$$0000000C) for _printf_x
    main.o(i.network_init) refers to _printf_hex_int.o(.text) for _printf_longlong_hex
    main.o(i.network_init) refers to _printf_d.o(.ARM.Collect$$_printf_percent$$00000009) for _printf_d
    main.o(i.network_init) refers to _printf_dec.o(.text) for _printf_int_dec
    main.o(i.network_init) refers to wizchip_conf.o(i.ctlnetwork) for ctlnetwork
    main.o(i.network_init) refers to wizchip_conf.o(i.ctlwizchip) for ctlwizchip
    main.o(i.network_init) refers to noretval__2printf.o(.text) for __2printf
    main.o(i.network_init) refers to main.o(.data) for gWIZNETINFO
    main.o(i.wizchip_read) refers to spi.o(i.W5500_rxtx) for W5500_rxtx
    main.o(i.wizchip_write) refers to spi.o(i.W5500_rxtx) for W5500_rxtx
    socket.o(i.close) refers to w5500.o(i.WIZCHIP_WRITE) for WIZCHIP_WRITE
    socket.o(i.close) refers to w5500.o(i.WIZCHIP_READ) for WIZCHIP_READ
    socket.o(i.close) refers to socket.o(.data) for sock_is_sending
    socket.o(i.close) refers to socket.o(.bss) for sock_remained_size
    socket.o(i.connect) refers to w5500.o(i.WIZCHIP_READ) for WIZCHIP_READ
    socket.o(i.connect) refers to w5500.o(i.WIZCHIP_WRITE_BUF) for WIZCHIP_WRITE_BUF
    socket.o(i.connect) refers to w5500.o(i.WIZCHIP_WRITE) for WIZCHIP_WRITE
[...]
    ../clib/armsys.c                         0x00000000   Number         0  _get_argv.o ABSOLUTE
    ../clib/assert.c                         0x00000000   Number         0  assert_stdio.o ABSOLUTE
    ../clib/heap1.c                          0x00000000   Number         0  h1_alloc_mt.o ABSOLUTE
    ../clib/heap1.c                          0x00000000   Number         0  h1_free.o ABSOLUTE
    ../clib/heap1.c                          0x00000000   Number         0  h1_final_mt.o ABSOLUTE
    ../clib/heap1.c                          0x00000000   Number         0  h1_extend_mt.o ABSOLUTE
    ../clib/heap1.c                          0x00000000   Number         0  h1_final.o ABSOLUTE
    ../clib/heap1.c                          0x00000000   Number         0  h1_init_mt.o ABSOLUTE
    ../clib/heap1.c                          0x00000000   Number         0  h1_extend.o ABSOLUTE
    ../clib/heap1.c                          0x00000000   Number         0  h1_init.o ABSOLUTE
    ../clib/heap1.c                          0x00000000   Number         0  h1_alloc.o ABSOLUTE
    ../clib/heap1.c                          0x00000000   Number         0  h1_free_mt.o ABSOLUTE
    ../clib/heap2.c                          0x00000000   Number         0  fdtree.o ABSOLUTE
    ../clib/heap2.c                          0x00000000   Number         0  heap2mt.o ABSOLUTE
    ../clib/heap2.c                          0x00000000   Number         0  heap2.o ABSOLUTE
    ../clib/heapalloc.c                      0x00000000   Number         0  hguard.o ABSOLUTE
    ../clib/heapalloc.c                      0x00000000   Number         0  maybetermalloc2.o ABSOLUTE
    ../clib/heapalloc.c                      0x00000000   Number         0  maybetermalloc2.o ABSOLUTE
    ../clib/heapalloc.c                      0x00000000   Number         0  maybetermalloc1.o ABSOLUTE
    ../clib/heapalloc.c                      0x00000000   Number         0  heapstubs.o ABSOLUTE
    ../clib/heapalloc.c                      0x00000000   Number         0  malloc.o ABSOLUTE
    ../clib/heapalloc.c                      0x00000000   Number         0  init_alloc.o ABSOLUTE
    ../clib/heapalloc.c                      0x00000000   Number         0  maybetermalloc1.o ABSOLUTE
    ../clib/heapalloc.c                      0x00000000   Number         0  free.o ABSOLUTE
    ../clib/heapalloc.c                      0x00000000   Number         0  term_alloc.o ABSOLUTE
    ../clib/heapalloc.c                      0x00000000   Number         0  hrguard.o ABSOLUTE
    ../clib/heapaux.c                        0x00000000   Number         0  heapauxa.o ABSOLUTE
    ../clib/heapaux.c                        0x00000000   Number         0  heapauxi.o ABSOLUTE
    ../clib/libinit.s                        0x00000000   Number         0  libshutdown2.o ABSOLUTE
    ../clib/libinit.s                        0x00000000   Number         0  libinit.o ABSOLUTE
    ../clib/libinit.s                        0x00000000   Number         0  libshutdown.o ABSOLUTE
    ../clib/libinit.s                        0x00000000   Number         0  libinit2.o ABSOLUTE
    ../clib/memcpset.s                       0x00000000   Number         0  rt_memcpy_w.o ABSOLUTE
    ../clib/memcpset.s                       0x00000000   Number         0  rt_memcpy_v6.o ABSOLUTE
    ../clib/memcpset.s                       0x00000000   Number         0  rt_memclr_w.o ABSOLUTE
    ../clib/misc.s                           0x00000000   Number         0  printf_stubs.o ABSOLUTE
    ../clib/printf.c                         0x00000000   Number         0  __printf_flags.o ABSOLUTE
    ../clib/printf.c                         0x00000000   Number         0  _printf_str.o ABSOLUTE
    ../clib/printf.c                         0x00000000   Number         0  __printf_ss.o ABSOLUTE
    ../clib/printf.c                         0x00000000   Number         0  __printf_flags_ss.o ABSOLUTE
    ../clib/printf.c                         0x00000000   Number         0  __printf_wp.o ABSOLUTE
    ../clib/printf.c                         0x00000000   Number         0  _printf_pad.o ABSOLUTE
    ../clib/printf.c                         0x00000000   Number         0  __printf.o ABSOLUTE
    ../clib/printf.c                         0x00000000   Number         0  __printf_flags_wp.o ABSOLUTE
    ../clib/printf.c                         0x00000000   Number         0  noretval__2printf.o ABSOLUTE
    ../clib/printf.c                         0x00000000   Number         0  __printf_ss_wp.o ABSOLUTE
    ../clib/printf.c                         0x00000000   Number         0  _printf_hex_int.o ABSOLUTE
    ../clib/printf.c                         0x00000000   Number         0  __printf_flags_ss_wp.o ABSOLUTE
    ../clib/printf.c                         0x00000000   Number         0  _printf_char_file_locked.o ABSOLUTE
    ../clib/printf.c                         0x00000000   Number         0  _printf_intcommon.o ABSOLUTE
    ../clib/printf.c                         0x00000000   Number         0  _printf_hex_ptr.o ABSOLUTE
    ../clib/printf.c                         0x00000000   Number         0  _printf_hex_int_ptr.o ABSOLUTE
    ../clib/printf.c                         0x00000000   Number         0  _printf_hex_ll_ptr.o ABSOLUTE
    ../clib/printf.c                         0x00000000   Number         0  _printf_char_file.o ABSOLUTE
    ../clib/printf.c                         0x00000000   Number         0  _printf_char.o ABSOLUTE
    ../clib/printf.c                         0x00000000   Number         0  __printf_nopercent.o ABSOLUTE
    ../clib/printf.c                         0x00000000   Number         0  _printf_hex_int_ll_ptr.o ABSOLUTE
    ../clib/printf.c                         0x00000000   Number         0  _printf_hex_ll.o ABSOLUTE
    ../clib/printf.c                         0x00000000   Number         0  _printf_dec.o ABSOLUTE
    ../clib/printf.c                         0x00000000   Number         0  _printf_char_common.o ABSOLUTE
    ../clib/printf.c                         0x00000000   Number         0  _printf_hex_int_ll.o ABSOLUTE
    ../clib/printf.c                         0x00000000   Number         0  __2printf.o ABSOLUTE
    ../clib/printf_percent.s                 0x00000000   Number         0  _printf_s.o ABSOLUTE
    ../clib/printf_percent.s                 0x00000000   Number         0  _printf_percent_end.o ABSOLUTE
    ../clib/printf_percent.s                 0x00000000   Number         0  _printf_d.o ABSOLUTE
    ../clib/printf_percent.s                 0x00000000   Number         0  _printf_percent.o ABSOLUTE
    ../clib/printf_percent.s                 0x00000000   Number         0  _printf_x.o ABSOLUTE
    ../clib/signal.c                         0x00000000   Number         0  defsig_rtmem_inner.o ABSOLUTE
    ../clib/signal.c                         0x00000000   Number         0  defsig_other.o ABSOLUTE
    ../clib/signal.c                         0x00000000   Number         0  defsig_rtred_outer.o ABSOLUTE
    ../clib/signal.c                         0x00000000   Number         0  defsig_exit.o ABSOLUTE
    ../clib/signal.c                         0x00000000   Number         0  defsig_rtred_inner.o ABSOLUTE
    ../clib/signal.c                         0x00000000   Number         0  __raise.o ABSOLUTE
    ../clib/signal.c                         0x00000000   Number         0  defsig_abrt_inner.o ABSOLUTE
    ../clib/signal.c                         0x00000000   Number         0  defsig_fpe_inner.o ABSOLUTE
    ../clib/signal.c                         0x00000000   Number         0  defsig_pvfn_inner.o ABSOLUTE
    ../clib/signal.c                         0x00000000   Number         0  defsig_cppl_inner.o ABSOLUTE
    ../clib/signal.c                         0x00000000   Number         0  defsig_stak_inner.o ABSOLUTE
    ../clib/signal.c                         0x00000000   Number         0  defsig_general.o ABSOLUTE
    ../clib/signal.c                         0x00000000   Number         0  defsig_segv_inner.o ABSOLUTE
    ../clib/signal.c                         0x00000000   Number         0  defsig_rtmem_outer.o ABSOLUTE
    ../clib/signal.c                         0x00000000   Number         0  defsig_rtmem_formal.o ABSOLUTE
    ../clib/signal.c                         0x00000000   Number         0  defsig_rtred_formal.o ABSOLUTE
    ../clib/signal.s                         0x00000000   Number         0  defsig.o ABSOLUTE
    ../clib/stdio.c                          0x00000000   Number         0  fflush.o ABSOLUTE
    ../clib/stdio.c                          0x00000000   Number         0  fputs.o ABSOLUTE
    ../clib/stdio.c                          0x00000000   Number         0  fputs_locked.o ABSOLUTE
    ../clib/stdio.c                          0x00000000   Number         0  fflush_locked.o ABSOLUTE
    ../clib/stdio.c                          0x00000000   Number         0  fclose.o ABSOLUTE
    ../clib/stdio.c                          0x00000000   Number         0  setvbuf_locked.o ABSOLUTE
    ../clib/stdio.c                          0x00000000   Number         0  fopen.o ABSOLUTE
    ../clib/stdio.c                          0x00000000   Number         0  ftell.o ABSOLUTE
    ../clib/stdio.c                          0x00000000   Number         0  fopen_locked.o ABSOLUTE
    ../clib/stdio.c                          0x00000000   Number         0  stdio_streams.o ABSOLUTE
    ../clib/stdio.c                          0x00000000   Number         0  fputc.o ABSOLUTE
    ../clib/stdio.c                          0x00000000   Number         0  fputc_locked.o ABSOLUTE
    ../clib/stdio.c                          0x00000000   Number         0  ferror_locked.o ABSOLUTE
    ../clib/stdio.c                          0x00000000   Number         0  initio_locked.o ABSOLUTE
    ../clib/stdio.c                          0x00000000   Number         0  stdio.o ABSOLUTE
    ../clib/stdio.c                          0x00000000   Number         0  streamlock.o ABSOLUTE
    ../clib/stdio.c                          0x00000000   Number         0  setvbuf.o ABSOLUTE
    ../clib/stdio.c                          0x00000000   Number         0  flsbuf.o ABSOLUTE
    ../clib/stdio.c                          0x00000000   Number         0  fwritefast.o ABSOLUTE
    ../clib/stdio.c                          0x00000000   Number         0  fwritefast_locked.o ABSOLUTE
    ../clib/stdio.c                          0x00000000   Number         0  initio.o ABSOLUTE
    ../clib/stdio.c                          0x00000000   Number         0  fseek.o ABSOLUTE
    ../clib/stdio.c                          0x00000000   Number         0  ferror.o ABSOLUTE
    ../clib/stdlib.c                         0x00000000   Number         0  exit.o ABSOLUTE
    ../clib/string.c                         0x00000000   Number         0  strlen.o ABSOLUTE
    ../clib/wchar.c                          0x00000000   Number         0  flsbuf_fwide.o ABSOLUTE
    ../fplib/fpinit.s                        0x00000000   Number         0  fpinit.o ABSOLUTE
    CMSIS\CoreSupport\core_cm3.c             0x00000000   Number         0  core_cm3.o ABSOLUTE
    CMSIS\Startup\startup_stm32f10x_md_vl.s  0x00000000   Number         0  startup_stm32f10x_md_vl.o ABSOLUTE
    CMSIS\\CoreSupport\\core_cm3.c           0x00000000   Number         0  core_cm3.o ABSOLUTE
    CMSIS\system_stm32f10x.c                 0x00000000   Number         0  system_stm32f10x.o ABSOLUTE
    Library\spi.c                            0x00000000   Number         0  spi.o ABSOLUTE
    W5500\Ethernet\W5500\w5500.c             0x00000000   Number         0  w5500.o ABSOLUTE
    W5500\Ethernet\socket.c                  0x00000000   Number         0  socket.o ABSOLUTE
    W5500\Ethernet\wizchip_conf.c            0x00000000   Number         0  wizchip_conf.o ABSOLUTE
    dc.s                                     0x00000000   Number         0  dc.o ABSOLUTE
    main.c                                   0x00000000   Number         0  main.o ABSOLUTE
    RESET                                    0x08000000   Section      288  startup_stm32f10x_md_vl.o(RESET)
    !!!main                                  0x08000120   Section        8  __main.o(!!!main)
    !!!scatter                               0x08000128   Section       52  __scatter.o(!!!scatter)
    !!handler_copy                           0x0800015c   Section       26  __scatter_copy.o(!!handler_copy)
    !!handler_zi                             0x08000178   Section       28  __scatter_zi.o(!!handler_zi)
    .ARM.Collect$$_printf_percent$$00000000  0x08000194   Section        0  _printf_percent.o(.ARM.Collect$$_printf_percent$$00000000)
    .ARM.Collect$$_printf_percent$$00000009  0x08000194   Section        6  _printf_d.o(.ARM.Collect$$_printf_percent$$00000009)
    .ARM.Collect$$_printf_percent$$0000000C  0x0800019a   Section        6  _printf_x.o(.ARM.Collect$$_printf_percent$$0000000C)
    .ARM.Collect$$_printf_percent$$00000014  0x080001a0   Section        6  _printf_s.o(.ARM.Collect$$_printf_percent$$00000014)
    .ARM.Collect$$_printf_percent$$00000017  0x080001a6   Section        4  _printf_percent_end.o(.ARM.Collect$$_printf_percent$$00000017)
    .ARM.Collect$$libinit$$00000000          0x080001aa   Section        2  libinit.o(.ARM.Collect$$libinit$$00000000)
    .ARM.Collect$$libinit$$00000002          0x080001ac   Section        0  libinit2.o(.ARM.Collect$$libinit$$00000002)
    .ARM.Collect$$libinit$$00000004          0x080001ac   Section        0  libinit2.o(.ARM.Collect$$libinit$$00000004)
    .ARM.Collect$$libinit$$00000005          0x080001ac   Section        8  libinit2.o(.ARM.Collect$$libinit$$00000005)
    .ARM.Collect$$libinit$$0000000A          0x080001b4   Section        0  libinit2.o(.ARM.Collect$$libinit$$0000000A)
    .ARM.Collect$$libinit$$0000000C          0x080001b4   Section        0  libinit2.o(.ARM.Collect$$libinit$$0000000C)
    .ARM.Collect$$libinit$$0000000E          0x080001b4   Section        0  libinit2.o(.ARM.Collect$$libinit$$0000000E)
    .ARM.Collect$$libinit$$00000011          0x080001b4   Section        0  libinit2.o(.ARM.Collect$$libinit$$00000011)
    .ARM.Collect$$libinit$$00000013          0x080001b4   Section        0  libinit2.o(.ARM.Collect$$libinit$$00000013)
    .ARM.Collect$$libinit$$00000015          0x080001b4   Section        0  libinit2.o(.ARM.Collect$$libinit$$00000015)
    .ARM.Collect$$libinit$$00000017          0x080001b4   Section        0  libinit2.o(.ARM.Collect$$libinit$$00000017)
    .ARM.Collect$$libinit$$00000019          0x080001b4   Section        0  libinit2.o(.ARM.Collect$$libinit$$00000019)
    .ARM.Collect$$libinit$$0000001B          0x080001b4   Section        0  libinit2.o(.ARM.Collect$$libinit$$0000001B)
    .ARM.Collect$$libinit$$0000001D          0x080001b4   Section        0  libinit2.o(.ARM.Collect$$libinit$$0000001D)
    .ARM.Collect$$libinit$$0000001F          0x080001b4   Section        0  libinit2.o(.ARM.Collect$$libinit$$0000001F)
    .ARM.Collect$$libinit$$00000021          0x080001b4   Section        0  libinit2.o(.ARM.Collect$$libinit$$00000021)
    .ARM.Collect$$libinit$$00000023          0x080001b4   Section        0  libinit2.o(.ARM.Collect$$libinit$$00000023)
    .ARM.Collect$$libinit$$00000024          0x080001b4   Section        4  libinit2.o(.ARM.Collect$$libinit$$00000024)
    .ARM.Collect$$libinit$$00000025          0x080001b8   Section        0  libinit2.o(.ARM.Collect$$libinit$$00000025)
    .ARM.Collect$$libinit$$0000002C          0x080001b8   Section        0  libinit2.o(.ARM.Collect$$libinit$$0000002C)
    .ARM.Collect$$libinit$$0000002E          0x080001b8   Section        0  libinit2.o(.ARM.Collect$$libinit$$0000002E)
    .ARM.Collect$$libinit$$00000030          0x080001b8   Section        0  libinit2.o(.ARM.Collect$$libinit$$00000030)
    .ARM.Collect$$libinit$$00000032          0x080001b8   Section        0  libinit2.o(.ARM.Collect$$libinit$$00000032)
    .ARM.Collect$$libinit$$00000033          0x080001b8   Section        2  libinit2.o(.ARM.Collect$$libinit$$00000033)
    .ARM.Collect$$libshutdown$$00000000      0x080001ba   Section        2  libshutdown.o(.ARM.Collect$$libshutdown$$00000000)
    .ARM.Collect$$libshutdown$$00000002      0x080001bc   Section        0  libshutdown2.o(.ARM.Collect$$libshutdown$$00000002)
    .ARM.Collect$$libshutdown$$00000003      0x080001bc   Section        4  libshutdown2.o(.ARM.Collect$$libshutdown$$00000003)
    .ARM.Collect$$libshutdown$$00000004      0x080001c0   Section        0  libshutdown2.o(.ARM.Collect$$libshutdown$$00000004)
    .ARM.Collect$$libshutdown$$00000007      0x080001c0   Section        0  libshutdown2.o(.ARM.Collect$$libshutdown$$00000007)
    .ARM.Collect$$libshutdown$$0000000A      0x080001c0   Section        0  libshutdown2.o(.ARM.Collect$$libshutdown$$0000000A)
    .ARM.Collect$$libshutdown$$0000000C      0x080001c0   Section        0  libshutdown2.o(.ARM.Collect$$libshutdown$$0000000C)
    .ARM.Collect$$libshutdown$$0000000F      0x080001c0   Section        0  libshutdown2.o(.ARM.Collect$$libshutdown$$0000000F)
    .ARM.Collect$$libshutdown$$00000010      0x080001c0   Section        2  libshutdown2.o(.ARM.Collect$$libshutdown$$00000010)
    .ARM.Collect$$rtentry$$00000000          0x080001c2   Section        0  __rtentry.o(.ARM.Collect$$rtentry$$00000000)
    .ARM.Collect$$rtentry$$00000002          0x080001c2   Section        0  __rtentry2.o(.ARM.Collect$$rtentry$$00000002)
    .ARM.Collect$$rtentry$$00000004          0x080001c2   Section        6  __rtentry4.o(.ARM.Collect$$rtentry$$00000004)
    .ARM.Collect$$rtentry$$00000009          0x080001c8   Section        0  __rtentry2.o(.ARM.Collect$$rtentry$$00000009)
    .ARM.Collect$$rtentry$$0000000A          0x080001c8   Section        4  __rtentry2.o(.ARM.Collect$$rtentry$$0000000A)
    .ARM.Collect$$rtentry$$0000000C          0x080001cc   Section        0  __rtentry2.o(.ARM.Collect$$rtentry$$0000000C)
    .ARM.Collect$$rtentry$$0000000D          0x080001cc   Section        8  __rtentry2.o(.ARM.Collect$$rtentry$$0000000D)
    .ARM.Collect$$rtexit$$00000000           0x080001d4   Section        2  rtexit.o(.ARM.Collect$$rtexit$$00000000)
    .ARM.Collect$$rtexit$$00000002           0x080001d6   Section        0  rtexit2.o(.ARM.Collect$$rtexit$$00000002)
    .ARM.Collect$$rtexit$$00000003           0x080001d6   Section        4  rtexit2.o(.ARM.Collect$$rtexit$$00000003)
    .ARM.Collect$$rtexit$$00000004           0x080001da   Section        6  rtexit2.o(.ARM.Collect$$rtexit$$00000004)
    .emb_text                                0x080001e0   Section        0  maybetermalloc1.o(.emb_text)
    .text                                    0x080001e0   Section       64  startup_stm32f10x_md_vl.o(.text)
    .text                                    0x08000220   Section        0  noretval__2printf.o(.text)
    .text                                    0x08000238   Section        0  _printf_pad.o(.text)
    .text                                    0x08000286   Section        0  _printf_str.o(.text)
    .text                                    0x080002d8   Section        0  _printf_dec.o(.text)
    .text                                    0x08000350   Section        0  _printf_hex_int.o(.text)
    .text                                    0x080003a8   Section        0  __printf_flags_ss_wp.o(.text)
    .text                                    0x08000530   Section        0  heapauxi.o(.text)
    .text                                    0x08000536   Section        0  _printf_intcommon.o(.text)
    .text                                    0x080005e8   Section        0  _printf_char.o(.text)
    .text                                    0x08000614   Section        0  _printf_char_file.o(.text)
    .text                                    0x08000638   Section        0  _printf_char_common.o(.text)
    _printf_input_char                       0x08000639   Thumb Code    10  _printf_char_common.o(.text)
    .text                                    0x08000668   Section        0  ferror.o(.text)
    .text                                    0x08000670   Section        0  initio.o(.text)
    .text                                    0x080007a8   Section        0  sys_io.o(.text)
    .text                                    0x0800080e   Section       74  sys_stackheap_outer.o(.text)
    .text                                    0x08000858   Section        0  h1_free.o(.text)
    .text                                    0x080008a6   Section        0  flsbuf.o(.text)
    .text                                    0x08000a7c   Section        0  setvbuf.o(.text)
    .text                                    0x08000ac4   Section        0  fopen.o(.text)
    _freopen_locked                          0x08000ac5   Thumb Code     0  fopen.o(.text)
    .text                                    0x08000bb0   Section        0  fclose.o(.text)
    .text                                    0x08000bfc   Section        0  exit.o(.text)
    .text                                    0x08000c0e   Section        0  defsig_rtred_outer.o(.text)
    .text                                    0x08000c1c   Section       78  rt_memclr_w.o(.text)
    .text                                    0x08000c6c   Section        8  libspace.o(.text)
    .text                                    0x08000c74   Section        2  use_no_semi.o(.text)
    .text                                    0x08000c76   Section        0  indicate_semi.o(.text)
    .text                                    0x08000c78   Section        8  rt_heap_descriptor_intlibspace.o(.text)
    .text                                    0x08000c80   Section        0  hguard.o(.text)
    .text                                    0x08000c84   Section        0  init_alloc.o(.text)
    .text                                    0x08000d0e   Section        0  h1_alloc.o(.text)
    .text                                    0x08000d6c   Section        0  fseek.o(.text)
    .text                                    0x08000e64   Section        0  stdio.o(.text)
    .text                                    0x08000f54   Section        0  defsig_exit.o(.text)
    .text                                    0x08000f60   Section        0  defsig_rtred_inner.o(.text)
    .text                                    0x08000f94   Section        0  strlen.o(.text)
    .text                                    0x08000fd4   Section        0  sys_exit.o(.text)
    .text                                    0x08000fe0   Section        0  h1_init.o(.text)
    .text                                    0x08000fee   Section        0  h1_extend.o(.text)
    .text                                    0x08001022   Section        0  ftell.o(.text)
    .text                                    0x08001064   Section        0  defsig_general.o(.text)
    .text                                    0x08001096   Section        0  defsig_rtmem_outer.o(.text)
    .text                                    0x080010a4   Section        0  sys_wrch.o(.text)
    .text                                    0x080010b4   Section        8  rt_errno_addr_intlibspace.o(.text)
    .text                                    0x080010bc   Section        0  defsig_rtmem_inner.o(.text)
    i.SetSysClock                            0x0800110c   Section        0  system_stm32f10x.o(i.SetSysClock)
    SetSysClock                              0x0800110d   Thumb Code     8  system_stm32f10x.o(i.SetSysClock)
    i.SetSysClockTo24                        0x08001114   Section        0  system_stm32f10x.o(i.SetSysClockTo24)
    SetSysClockTo24                          0x08001115   Thumb Code   178  system_stm32f10x.o(i.SetSysClockTo24)
    i.SystemInit                             0x080011cc   Section        0  system_stm32f10x.o(i.SystemInit)
    i.W5500_rxtx                             0x08001224   Section        0  spi.o(i.W5500_rxtx)
    i.WIZCHIP_READ                           0x08001254   Section        0  w5500.o(i.WIZCHIP_READ)
    i.WIZCHIP_READ_BUF                       0x080012a0   Section        0  w5500.o(i.WIZCHIP_READ_BUF)
    i.WIZCHIP_WRITE                          0x08001304   Section        0  w5500.o(i.WIZCHIP_WRITE)
    i.WIZCHIP_WRITE_BUF                      0x08001350   Section        0  w5500.o(i.WIZCHIP_WRITE_BUF)
    i._is_digit                              0x080013b4   Section        0  __printf_wp.o(i._is_digit)
    i.close                                  0x080013c4   Section        0  socket.o(i.close)
    i.ctlnetwork                             0x08001450   Section        0  wizchip_conf.o(i.ctlnetwork)
    i.ctlwizchip                             0x080014a0   Section        0  wizchip_conf.o(i.ctlwizchip)
    i.disconnect                             0x080015b8   Section        0  socket.o(i.disconnect)
    i.fputc                                  0x08001674   Section        0  fputc.o(i.fputc)
    i.getSn_RX_RSR                           0x0800168e   Section        0  w5500.o(i.getSn_RX_RSR)
    i.getSn_TX_FSR                           0x080016fa   Section        0  w5500.o(i.getSn_TX_FSR)
    i.listen                                 0x08001766   Section        0  socket.o(i.listen)
    i.loopback_tcps                          0x08001818   Section        0  main.o(i.loopback_tcps)
    i.loopback_udps                          0x080019a0   Section        0  main.o(i.loopback_udps)
    i.main                                   0x08001ac4   Section        0  main.o(i.main)
    i.network_init                           0x08001bbc   Section        0  main.o(i.network_init)
    i.recv                                   0x08001d08   Section        0  socket.o(i.recv)
    i.recvfrom                               0x08001e28   Section        0  socket.o(i.recvfrom)
    i.reg_wizchip_cs_cbfunc                  0x08002090   Section        0  wizchip_conf.o(i.reg_wizchip_cs_cbfunc)
    i.reg_wizchip_spi_cbfunc                 0x080020b8   Section        0  wizchip_conf.o(i.reg_wizchip_spi_cbfunc)
    i.send                                   0x080020ec   Section        0  socket.o(i.send)
    i.sendto                                 0x0800226c   Section        0  socket.o(i.sendto)
    i.socket                                 0x0800243c   Section        0  socket.o(i.socket)
    i.spiW5500_init                          0x080025ac   Section        0  spi.o(i.spiW5500_init)
    i.wiz_recv_data                          0x080026a0   Section        0  w5500.o(i.wiz_recv_data)
    i.wiz_recv_ignore                        0x08002724   Section        0  w5500.o(i.wiz_recv_ignore)
    i.wiz_send_data                          0x0800278a   Section        0  w5500.o(i.wiz_send_data)
    i.wizchip_bus_readbyte                   0x0800280e   Section        0  wizchip_conf.o(i.wizchip_bus_readbyte)
    i.wizchip_bus_writebyte                  0x08002814   Section        0  wizchip_conf.o(i.wizchip_bus_writebyte)
    i.wizchip_clrinterrupt                   0x08002818   Section        0  wizchip_conf.o(i.wizchip_clrinterrupt)
    i.wizchip_cris_enter                     0x08002838   Section        0  wizchip_conf.o(i.wizchip_cris_enter)
    i.wizchip_cris_exit                      0x0800283a   Section        0  wizchip_conf.o(i.wizchip_cris_exit)
    i.wizchip_cs_deselect                    0x0800283c   Section        0  wizchip_conf.o(i.wizchip_cs_deselect)
    i.wizchip_cs_select                      0x0800283e   Section        0  wizchip_conf.o(i.wizchip_cs_select)
    i.wizchip_deselect                       0x08002840   Section        0  main.o(i.wizchip_deselect)
    i.wizchip_getinterrupt                   0x0800284c   Section        0  wizchip_conf.o(i.wizchip_getinterrupt)
    i.wizchip_getinterruptmask               0x08002876   Section        0  wizchip_conf.o(i.wizchip_getinterruptmask)
    i.wizchip_getnetinfo                     0x080028a0   Section        0  wizchip_conf.o(i.wizchip_getnetinfo)
    i.wizchip_getnetmode                     0x080028fc   Section        0  wizchip_conf.o(i.wizchip_getnetmode)
    i.wizchip_gettimeout                     0x08002906   Section        0  wizchip_conf.o(i.wizchip_gettimeout)
    i.wizchip_init                           0x0800292e   Section        0  wizchip_conf.o(i.wizchip_init)
    i.wizchip_read                           0x080029be   Section        0  main.o(i.wizchip_read)
    i.wizchip_select                         0x080029c8   Section        0  main.o(i.wizchip_select)
    i.wizchip_setinterruptmask               0x080029d8   Section        0  wizchip_conf.o(i.wizchip_setinterruptmask)
    i.wizchip_setnetinfo                     0x080029f8   Section        0  wizchip_conf.o(i.wizchip_setnetinfo)
    i.wizchip_setnetmode                     0x08002a50   Section        0  wizchip_conf.o(i.wizchip_setnetmode)
    i.wizchip_settimeout                     0x08002a76   Section        0  wizchip_conf.o(i.wizchip_settimeout)
    i.wizchip_spi_readbyte                   0x08002a9c   Section        0  wizchip_conf.o(i.wizchip_spi_readbyte)
    i.wizchip_spi_writebyte                  0x08002aa0   Section        0  wizchip_conf.o(i.wizchip_spi_writebyte)
    i.wizchip_sw_reset                       0x08002aa2   Section        0  wizchip_conf.o(i.wizchip_sw_reset)
    i.wizchip_write                          0x08002b14   Section        0  main.o(i.wizchip_write)
    i.wizphy_getphyconf                      0x08002b20   Section        0  wizchip_conf.o(i.wizphy_getphyconf)
    i.wizphy_getphylink                      0x08002b98   Section        0  wizchip_conf.o(i.wizphy_getphylink)
    i.wizphy_getphypmode                     0x08002bb2   Section        0  wizchip_conf.o(i.wizphy_getphypmode)
    i.wizphy_reset                           0x08002bce   Section        0  wizchip_conf.o(i.wizphy_reset)
    i.wizphy_setphyconf                      0x08002c02   Section        0  wizchip_conf.o(i.wizphy_setphyconf)
    i.wizphy_setphypmode                     0x08002c5a   Section        0  wizchip_conf.o(i.wizphy_setphypmode)
    .constdata                               0x08002cc0   Section       16  main.o(.constdata)
    .constdata                               0x08002cd0   Section       40  _printf_hex_int.o(.constdata)
    uc_hextab                                0x08002cd0   Data          20  _printf_hex_int.o(.constdata)
    lc_hextab                                0x08002ce4   Data          20  _printf_hex_int.o(.constdata)
    .constdata                               0x08002cf8   Section       17  __printf_flags_ss_wp.o(.constdata)
    maptable                                 0x08002cf8   Data          17  __printf_flags_ss_wp.o(.constdata)
    .constdata                               0x08002d09   Section        4  sys_io.o(.constdata)
    .constdata                               0x08002d0d   Section        4  sys_io.o(.constdata)
    .constdata                               0x08002d11   Section        4  sys_io.o(.constdata)
    .data                                    0x20000000   Section       23  main.o(.data)
    .data                                    0x20000018   Section       14  socket.o(.data)
    sock_any_port                            0x20000018   Data           2  socket.o(.data)
    sock_io_mode                             0x2000001a   Data           2  socket.o(.data)
    sock_is_sending                          0x2000001c   Data           2  socket.o(.data)
    sock_pack_info                           0x2000001e   Data           8  socket.o(.data)
    .data                                    0x20000028   Section       37  wizchip_conf.o(.data)
    _DNS_                                    0x20000048   Data           4  wizchip_conf.o(.data)
    _DHCP_                                   0x2000004c   Data           1  wizchip_conf.o(.data)
    .data                                    0x20000050   Section        4  stdio_streams.o(.data)
    .data                                    0x20000054   Section        4  stdio_streams.o(.data)
    .data                                    0x20000058   Section        4  stdio_streams.o(.data)
    .bss                                     0x2000005c   Section     2048  main.o(.bss)
    .bss                                     0x2000085c   Section       16  socket.o(.bss)
    sock_remained_size                       0x2000085c   Data          16  socket.o(.bss)
    .bss                                     0x2000086c   Section       84  stdio_streams.o(.bss)
    .bss                                     0x200008c0   Section       84  stdio_streams.o(.bss)
    .bss                                     0x20000914   Section       84  stdio_streams.o(.bss)
    .bss                                     0x20000968   Section       96  libspace.o(.bss)
    HEAP                                     0x200009c8   Section      512  startup_stm32f10x_md_vl.o(HEAP)
    Heap_Mem                                 0x200009c8   Data         512  startup_stm32f10x_md_vl.o(HEAP)
    STACK                                    0x20000bc8   Section     1024  startup_stm32f10x_md_vl.o(STACK)
    Stack_Mem                                0x20000bc8   Data        1024  startup_stm32f10x_md_vl.o(STACK)
    __initial_sp                             0x20000fc8   Data           0  startup_stm32f10x_md_vl.o(STACK)

    Global Symbols

    Symbol Name                              Value     Ov Type        Size  Object(Section)

    BuildAttributes$$THM_ISAv4$P$D$K$B$S$PE$A:L22UL41UL21$X:L11$S22US41US21$IEEE1$IW$USESV6$~STKCKD$USESV7$~SHL$OTIME$ROPI$EBA8$UX$STANDARDLIB$REQ8$PRES8$EABIv2 0x00000000   Number         0  anon$$obj.o ABSOLUTE
    __ARM_use_no_argv                        0x00000000   Number         0  main.o ABSOLUTE
    _printf_flags                            0x00000000   Number         0  printf_stubs.o ABSOLUTE
    _printf_return_value                     0x00000000   Number         0  printf_stubs.o ABSOLUTE
    _printf_sizespec                         0x00000000   Number         0  printf_stubs.o ABSOLUTE
    _printf_widthprec                        0x00000000   Number         0  printf_stubs.o ABSOLUTE
    __ARM_exceptions_init                     - Undefined Weak Reference
    __alloca_initialize                       - Undefined Weak Reference
    __arm_preinit_                            - Undefined Weak Reference
    __cpp_initialize__aeabi_                  - Undefined Weak Reference
    __cxa_finalize                            - Undefined Weak Reference
    __rt_locale                               - Undefined Weak Reference
    __sigvec_lookup                           - Undefined Weak Reference
    __user_heap_extent                        - Undefined Weak Reference
    _atexit_init                              - Undefined Weak Reference
    _call_atexit_fns                          - Undefined Weak Reference
    _clock_init                               - Undefined Weak Reference
    _fp_trap_init                             - Undefined Weak Reference
    _fp_trap_shutdown                         - Undefined Weak Reference
    _get_lc_collate                           - Undefined Weak Reference
    _get_lc_ctype                             - Undefined Weak Reference
    _get_lc_monetary                          - Undefined Weak Reference
    _get_lc_numeric                           - Undefined Weak Reference
    _get_lc_time                              - Undefined Weak Reference
    _getenv_init                              - Undefined Weak Reference
    _handle_redirection                       - Undefined Weak Reference
    _mutex_acquire                            - Undefined Weak Reference
    _mutex_free                               - Undefined Weak Reference
    _mutex_release                            - Undefined Weak Reference
    _printf_mbtowc                            - Undefined Weak Reference
    _printf_truncate_signed                   - Undefined Weak Reference
    _printf_truncate_unsigned                 - Undefined Weak Reference
    _rand_init                                - Undefined Weak Reference
    _signal_finish                            - Undefined Weak Reference
    _signal_init                              - Undefined Weak Reference
    __Vectors_Size                           0x00000120   Number         0  startup_stm32f10x_md_vl.o ABSOLUTE
    __Vectors                                0x08000000   Data           4  startup_stm32f10x_md_vl.o(RESET)
    __Vectors_End                            0x08000120   Data           0  startup_stm32f10x_md_vl.o(RESET)
    __main                                   0x08000121   Thumb Code     8  __main.o(!!!main)
    __scatterload                            0x08000129   Thumb Code     0  __scatter.o(!!!scatter)
    __scatterload_rt2                        0x08000129   Thumb Code    44  __scatter.o(!!!scatter)
    __scatterload_rt2_thumb_only             0x08000129   Thumb Code     0  __scatter.o(!!!scatter)
    __scatterload_null                       0x08000137   Thumb Code     0  __scatter.o(!!!scatter)
    __scatterload_copy                       0x0800015d   Thumb Code    26  __scatter_copy.o(!!handler_copy)
    __scatterload_zeroinit                   0x08000179   Thumb Code    28  __scatter_zi.o(!!handler_zi)
    _printf_d                                0x08000195   Thumb Code     0  _printf_d.o(.ARM.Collect$$_printf_percent$$00000009)
    _printf_percent                          0x08000195   Thumb Code     0  _printf_percent.o(.ARM.Collect$$_printf_percent$$00000000)
    _printf_x                                0x0800019b   Thumb Code     0  _printf_x.o(.ARM.Collect$$_printf_percent$$0000000C)
    _printf_s                                0x080001a1   Thumb Code     0  _printf_s.o(.ARM.Collect$$_printf_percent$$00000014)
    _printf_percent_end                      0x080001a7   Thumb Code     0  _printf_percent_end.o(.ARM.Collect$$_printf_percent$$00000017)
    __rt_lib_init                            0x080001ab   Thumb Code     0  libinit.o(.ARM.Collect$$libinit$$00000000)
    __rt_lib_init_fp_1                       0x080001ad   Thumb Code     0  libinit2.o(.ARM.Collect$$libinit$$00000002)
    __rt_lib_init_heap_2                     0x080001ad   Thumb Code     0  libinit2.o(.ARM.Collect$$libinit$$00000005)
    __rt_lib_init_preinit_1                  0x080001ad   Thumb Code     0  libinit2.o(.ARM.Collect$$libinit$$00000004)
    __rt_lib_init_atexit_1                   0x080001b5   Thumb Code     0  libinit2.o(.ARM.Collect$$libinit$$0000001B)
    __rt_lib_init_clock_1                    0x080001b5   Thumb Code     0  libinit2.o(.ARM.Collect$$libinit$$00000021)
    __rt_lib_init_fp_trap_1                  0x080001b5   Thumb Code     0  libinit2.o(.ARM.Collect$$libinit$$0000001F)
    __rt_lib_init_getenv_1                   0x080001b5   Thumb Code     0  libinit2.o(.ARM.Collect$$libinit$$00000023)
    __rt_lib_init_heap_1                     0x080001b5   Thumb Code     0  libinit2.o(.ARM.Collect$$libinit$$0000000A)
    __rt_lib_init_lc_collate_1               0x080001b5   Thumb Code     0  libinit2.o(.ARM.Collect$$libinit$$00000011)
    __rt_lib_init_lc_ctype_1                 0x080001b5   Thumb Code     0  libinit2.o(.ARM.Collect$$libinit$$00000013)
    __rt_lib_init_lc_monetary_1              0x080001b5   Thumb Code     0  libinit2.o(.ARM.Collect$$libinit$$00000015)
    __rt_lib_init_lc_numeric_1               0x080001b5   Thumb Code     0  libinit2.o(.ARM.Collect$$libinit$$00000017)
    __rt_lib_init_lc_time_1                  0x080001b5   Thumb Code     0  libinit2.o(.ARM.Collect$$libinit$$00000019)
    __rt_lib_init_rand_1                     0x080001b5   Thumb Code     0  libinit2.o(.ARM.Collect$$libinit$$0000000E)
    __rt_lib_init_signal_1                   0x080001b5   Thumb Code     0  libinit2.o(.ARM.Collect$$libinit$$0000001D)
    __rt_lib_init_stdio_2                    0x080001b5   Thumb Code     0  libinit2.o(.ARM.Collect$$libinit$$00000024)
    __rt_lib_init_user_alloc_1               0x080001b5   Thumb Code     0  libinit2.o(.ARM.Collect$$libinit$$0000000C)
    __rt_lib_init_alloca_1                   0x080001b9   Thumb Code     0  libinit2.o(.ARM.Collect$$libinit$$0000002E)
    __rt_lib_init_argv_1                     0x080001b9   Thumb Code     0  libinit2.o(.ARM.Collect$$libinit$$0000002C)
    __rt_lib_init_cpp_1                      0x080001b9   Thumb Code     0  libinit2.o(.ARM.Collect$$libinit$$00000032)
    __rt_lib_init_exceptions_1               0x080001b9   Thumb Code     0  libinit2.o(.ARM.Collect$$libinit$$00000030)
    __rt_lib_init_return                     0x080001b9   Thumb Code     0  libinit2.o(.ARM.Collect$$libinit$$00000033)
    __rt_lib_init_stdio_1                    0x080001b9   Thumb Code     0  libinit2.o(.ARM.Collect$$libinit$$00000025)
    __rt_lib_shutdown                        0x080001bb   Thumb Code     0  libshutdown.o(.ARM.Collect$$libshutdown$$00000000)
    __rt_lib_shutdown_cpp_1                  0x080001bd   Thumb Code     0  libshutdown2.o(.ARM.Collect$$libshutdown$$00000002)
    __rt_lib_shutdown_stdio_2                0x080001bd   Thumb Code     0  libshutdown2.o(.ARM.Collect$$libshutdown$$00000003)
    __rt_lib_shutdown_fp_trap_1              0x080001c1   Thumb Code     0  libshutdown2.o(.ARM.Collect$$libshutdown$$00000007)
    __rt_lib_shutdown_heap_1                 0x080001c1   Thumb Code     0  libshutdown2.o(.ARM.Collect$$libshutdown$$0000000F)
    __rt_lib_shutdown_return                 0x080001c1   Thumb Code     0  libshutdown2.o(.ARM.Collect$$libshutdown$$00000010)
    __rt_lib_shutdown_signal_1               0x080001c1   Thumb Code     0  libshutdown2.o(.ARM.Collect$$libshutdown$$0000000A)
    __rt_lib_shutdown_stdio_1                0x080001c1   Thumb Code     0  libshutdown2.o(.ARM.Collect$$libshutdown$$00000004)
    __rt_lib_shutdown_user_alloc_1           0x080001c1   Thumb Code     0  libshutdown2.o(.ARM.Collect$$libshutdown$$0000000C)
    __rt_entry                               0x080001c3   Thumb Code     0  __rtentry.o(.ARM.Collect$$rtentry$$00000000)
    __rt_entry_presh_1                       0x080001c3   Thumb Code     0  __rtentry2.o(.ARM.Collect$$rtentry$$00000002)
    __rt_entry_sh                            0x080001c3   Thumb Code     0  __rtentry4.o(.ARM.Collect$$rtentry$$00000004)
    __rt_entry_li                            0x080001c9   Thumb Code     0  __rtentry2.o(.ARM.Collect$$rtentry$$0000000A)
    __rt_entry_postsh_1                      0x080001c9   Thumb Code     0  __rtentry2.o(.ARM.Collect$$rtentry$$00000009)
    __rt_entry_main                          0x080001cd   Thumb Code     0  __rtentry2.o(.ARM.Collect$$rtentry$$0000000D)
    __rt_entry_postli_1                      0x080001cd   Thumb Code     0  __rtentry2.o(.ARM.Collect$$rtentry$$0000000C)
    __rt_exit                                0x080001d5   Thumb Code     0  rtexit.o(.ARM.Collect$$rtexit$$00000000)
    __rt_exit_ls                             0x080001d7   Thumb Code     0  rtexit2.o(.ARM.Collect$$rtexit$$00000003)
    __rt_exit_prels_1                        0x080001d7   Thumb Code     0  rtexit2.o(.ARM.Collect$$rtexit$$00000002)
    __rt_exit_exit                           0x080001db   Thumb Code     0  rtexit2.o(.ARM.Collect$$rtexit$$00000004)
    Reset_Handler                            0x080001e1   Thumb Code     8  startup_stm32f10x_md_vl.o(.text)
    _maybe_terminate_alloc                   0x080001e1   Thumb Code     0  maybetermalloc1.o(.emb_text)
    NMI_Handler                              0x080001e9   Thumb Code     2  startup_stm32f10x_md_vl.o(.text)
    HardFault_Handler                        0x080001eb   Thumb Code     2  startup_stm32f10x_md_vl.o(.text)
    MemManage_Handler                        0x080001ed   Thumb Code     2  startup_stm32f10x_md_vl.o(.text)
    BusFault_Handler                         0x080001ef   Thumb Code     2  startup_stm32f10x_md_vl.o(.text)
    UsageFault_Handler                       0x080001f1   Thumb Code     2  startup_stm32f10x_md_vl.o(.text)
    SVC_Handler                              0x080001f3   Thumb Code     2  startup_stm32f10x_md_vl.o(.text)
    DebugMon_Handler                         0x080001f5   Thumb Code     2  startup_stm32f10x_md_vl.o(.text)
    PendSV_Handler                           0x080001f7   Thumb Code     2  startup_stm32f10x_md_vl.o(.text)
    SysTick_Handler                          0x080001f9   Thumb Code     2  startup_stm32f10x_md_vl.o(.text)
    ADC1_IRQHandler                          0x080001fb   Thumb Code     0  startup_stm32f10x_md_vl.o(.text)
    CEC_IRQHandler                           0x080001fb   Thumb Code     0  startup_stm32f10x_md_vl.o(.text)
    DMA1_Channel1_IRQHandler                 0x080001fb   Thumb Code     0  startup_stm32f10x_md_vl.o(.text)
    DMA1_Channel2_IRQHandler                 0x080001fb   Thumb Code     0  startup_stm32f10x_md_vl.o(.text)
    DMA1_Channel3_IRQHandler                 0x080001fb   Thumb Code     0  startup_stm32f10x_md_vl.o(.text)
    DMA1_Channel4_IRQHandler                 0x080001fb   Thumb Code     0  startup_stm32f10x_md_vl.o(.text)
    DMA1_Channel5_IRQHandler                 0x080001fb   Thumb Code     0  startup_stm32f10x_md_vl.o(.text)
    DMA1_Channel6_IRQHandler                 0x080001fb   Thumb Code     0  startup_stm32f10x_md_vl.o(.text)
    DMA1_Channel7_IRQHandler                 0x080001fb   Thumb Code     0  startup_stm32f10x_md_vl.o(.text)
    EXTI0_IRQHandler                         0x080001fb   Thumb Code     0  startup_stm32f10x_md_vl.o(.text)
    EXTI15_10_IRQHandler                     0x080001fb   Thumb Code     0  startup_stm32f10x_md_vl.o(.text)
    EXTI1_IRQHandler                         0x080001fb   Thumb Code     0  startup_stm32f10x_md_vl.o(.text)
    EXTI2_IRQHandler                         0x080001fb   Thumb Code     0  startup_stm32f10x_md_vl.o(.text)
    EXTI3_IRQHandler                         0x080001fb   Thumb Code     0  startup_stm32f10x_md_vl.o(.text)
    EXTI4_IRQHandler                         0x080001fb   Thumb Code     0  startup_stm32f10x_md_vl.o(.text)
    EXTI9_5_IRQHandler                       0x080001fb   Thumb Code     0  startup_stm32f10x_md_vl.o(.text)
    FLASH_IRQHandler                         0x080001fb   Thumb Code     0  startup_stm32f10x_md_vl.o(.text)
    I2C1_ER_IRQHandler                       0x080001fb   Thumb Code     0  startup_stm32f10x_md_vl.o(.text)
    I2C1_EV_IRQHandler                       0x080001fb   Thumb Code     0  startup_stm32f10x_md_vl.o(.text)
    I2C2_ER_IRQHandler                       0x080001fb   Thumb Code     0  startup_stm32f10x_md_vl.o(.text)
    I2C2_EV_IRQHandler                       0x080001fb   Thumb Code     0  startup_stm32f10x_md_vl.o(.text)
    PVD_IRQHandler                           0x080001fb   Thumb Code     0  startup_stm32f10x_md_vl.o(.text)
    RCC_IRQHandler                           0x080001fb   Thumb Code     0  startup_stm32f10x_md_vl.o(.text)
    RTCAlarm_IRQHandler                      0x080001fb   Thumb Code     0  startup_stm32f10x_md_vl.o(.text)
    RTC_IRQHandler                           0x080001fb   Thumb Code     0  startup_stm32f10x_md_vl.o(.text)
    SPI1_IRQHandler                          0x080001fb   Thumb Code     0  startup_stm32f10x_md_vl.o(.text)
    SPI2_IRQHandler                          0x080001fb   Thumb Code     0  startup_stm32f10x_md_vl.o(.text)
    TAMPER_IRQHandler                        0x080001fb   Thumb Code     0  startup_stm32f10x_md_vl.o(.text)
    TIM1_BRK_TIM15_IRQHandler                0x080001fb   Thumb Code     0  startup_stm32f10x_md_vl.o(.text)
    TIM1_CC_IRQHandler                       0x080001fb   Thumb Code     0  startup_stm32f10x_md_vl.o(.text)
    TIM1_TRG_COM_TIM17_IRQHandler            0x080001fb   Thumb Code     0  startup_stm32f10x_md_vl.o(.text)
    TIM1_UP_TIM16_IRQHandler                 0x080001fb   Thumb Code     0  startup_stm32f10x_md_vl.o(.text)
    TIM2_IRQHandler                          0x080001fb   Thumb Code     0  startup_stm32f10x_md_vl.o(.text)
    TIM3_IRQHandler                          0x080001fb   Thumb Code     0  startup_stm32f10x_md_vl.o(.text)
    TIM4_IRQHandler                          0x080001fb   Thumb Code     0  startup_stm32f10x_md_vl.o(.text)
    TIM6_DAC_IRQHandler                      0x080001fb   Thumb Code     0  startup_stm32f10x_md_vl.o(.text)
    TIM7_IRQHandler                          0x080001fb   Thumb Code     0  startup_stm32f10x_md_vl.o(.text)
    USART1_IRQHandler                        0x080001fb   Thumb Code     0  startup_stm32f10x_md_vl.o(.text)
    USART2_IRQHandler                        0x080001fb   Thumb Code     0  startup_stm32f10x_md_vl.o(.text)
    USART3_IRQHandler                        0x080001fb   Thumb Code     0  startup_stm32f10x_md_vl.o(.text)
    WWDG_IRQHandler                          0x080001fb   Thumb Code     0  startup_stm32f10x_md_vl.o(.text)
    __user_initial_stackheap                 0x080001fd   Thumb Code     0  startup_stm32f10x_md_vl.o(.text)
    __2printf                                0x08000221   Thumb Code    20  noretval__2printf.o(.text)
    _printf_pre_padding                      0x08000239   Thumb Code    44  _printf_pad.o(.text)
    _printf_post_padding                     0x08000265   Thumb Code    34  _printf_pad.o(.text)
    _printf_str                              0x08000287   Thumb Code    82  _printf_str.o(.text)
    _printf_int_dec                          0x080002d9   Thumb Code   104  _printf_dec.o(.text)
    _printf_int_hex                          0x08000351   Thumb Code    84  _printf_hex_int.o(.text)
    _printf_longlong_hex                     0x08000351   Thumb Code     0  _printf_hex_int.o(.text)
    __printf                                 0x080003a9   Thumb Code   388  __printf_flags_ss_wp.o(.text)
    __use_two_region_memory                  0x08000531   Thumb Code     2  heapauxi.o(.text)
    __rt_heap_escrow                         0x08000533   Thumb Code     2  heapauxi.o(.text)
    __rt_heap_expand                         0x08000535   Thumb Code     2  heapauxi.o(.text)
    _printf_int_common                       0x08000537   Thumb Code   178  _printf_intcommon.o(.text)
    _printf_cs_common                        0x080005e9   Thumb Code    20  _printf_char.o(.text)
    _printf_char                             0x080005fd   Thumb Code    16  _printf_char.o(.text)
    _printf_string                           0x0800060d   Thumb Code     8  _printf_char.o(.text)
    _printf_char_file                        0x08000615   Thumb Code    32  _printf_char_file.o(.text)
    _printf_char_common                      0x08000643   Thumb Code    32  _printf_char_common.o(.text)
    ferror                                   0x08000669   Thumb Code     8  ferror.o(.text)
    _initio                                  0x08000671   Thumb Code   210  initio.o(.text)
    _terminateio                             0x08000743   Thumb Code    56  initio.o(.text)
    _sys_open                                0x080007a9   Thumb Code    20  sys_io.o(.text)
    _sys_close                               0x080007bd   Thumb Code    12  sys_io.o(.text)
    _sys_write                               0x080007c9   Thumb Code    16  sys_io.o(.text)
    _sys_read                                0x080007d9   Thumb Code    14  sys_io.o(.text)
    _sys_istty                               0x080007e7   Thumb Code    12  sys_io.o(.text)
    _sys_seek                                0x080007f3   Thumb Code    14  sys_io.o(.text)
    _sys_ensure                              0x08000801   Thumb Code     2  sys_io.o(.text)
    _sys_flen                                0x08000803   Thumb Code    12  sys_io.o(.text)
    __user_setup_stackheap                   0x0800080f   Thumb Code    74  sys_stackheap_outer.o(.text)
    free                                     0x08000859   Thumb Code    78  h1_free.o(.text)
    __flsbuf                                 0x080008a7   Thumb Code   470  flsbuf.o(.text)
    __flsbuf_byte                            0x080008a7   Thumb Code     0  flsbuf.o(.text)
    __flsbuf_wide                            0x080008a7   Thumb Code     0  flsbuf.o(.text)
    setvbuf                                  0x08000a7d   Thumb Code    70  setvbuf.o(.text)
    freopen                                  0x08000ac5   Thumb Code   158  fopen.o(.text)
    fopen                                    0x08000b63   Thumb Code    74  fopen.o(.text)
    _fclose_internal                         0x08000bb1   Thumb Code    76  fclose.o(.text)
    fclose                                   0x08000bb1   Thumb Code     0  fclose.o(.text)
    exit                                     0x08000bfd   Thumb Code    18  exit.o(.text)
    __rt_SIGRTRED                            0x08000c0f   Thumb Code    14  defsig_rtred_outer.o(.text)
    __aeabi_memclr4                          0x08000c1d   Thumb Code     0  rt_memclr_w.o(.text)
    __aeabi_memclr8                          0x08000c1d   Thumb Code     0  rt_memclr_w.o(.text)
    __rt_memclr_w                            0x08000c1d   Thumb Code    78  rt_memclr_w.o(.text)
    _memset_w                                0x08000c21   Thumb Code     0  rt_memclr_w.o(.text)
    __user_libspace                          0x08000c6d   Thumb Code     8  libspace.o(.text)
    __user_perproc_libspace                  0x08000c6d   Thumb Code     0  libspace.o(.text)
    __user_perthread_libspace                0x08000c6d   Thumb Code     0  libspace.o(.text)
    __I$use$semihosting                      0x08000c75   Thumb Code     0  use_no_semi.o(.text)
    __use_no_semihosting_swi                 0x08000c75   Thumb Code     2  use_no_semi.o(.text)
    __semihosting_library_function           0x08000c77   Thumb Code     0  indicate_semi.o(.text)
    __rt_heap_descriptor                     0x08000c79   Thumb Code     8  rt_heap_descriptor_intlibspace.o(.text)
    __use_no_heap                            0x08000c81   Thumb Code     2  hguard.o(.text)
    __heap$guard                             0x08000c83   Thumb Code     2  hguard.o(.text)
    _terminate_user_alloc                    0x08000c85   Thumb Code     2  init_alloc.o(.text)
    _init_user_alloc                         0x08000c87   Thumb Code     2  init_alloc.o(.text)
    __Heap_Full                              0x08000c89   Thumb Code    34  init_alloc.o(.text)
    __Heap_Broken                            0x08000cab   Thumb Code     6  init_alloc.o(.text)
    _init_alloc                              0x08000cb1   Thumb Code    94  init_alloc.o(.text)
    malloc                                   0x08000d0f   Thumb Code    94  h1_alloc.o(.text)
    _fseek                                   0x08000d6d   Thumb Code   242  fseek.o(.text)
    fseek                                    0x08000d6d   Thumb Code     0  fseek.o(.text)
    _seterr                                  0x08000e65   Thumb Code    20  stdio.o(.text)
    _writebuf                                0x08000e79   Thumb Code    84  stdio.o(.text)
    _fflush                                  0x08000ecd   Thumb Code    70  stdio.o(.text)
    _deferredlazyseek                        0x08000f13   Thumb Code    60  stdio.o(.text)
    __sig_exit                               0x08000f55   Thumb Code    10  defsig_exit.o(.text)
    __rt_SIGRTRED_inner                      0x08000f61   Thumb Code    14  defsig_rtred_inner.o(.text)
    strlen                                   0x08000f95   Thumb Code    62  strlen.o(.text)
    _sys_exit                                0x08000fd5   Thumb Code     8  sys_exit.o(.text)
    __Heap_Initialize                        0x08000fe1   Thumb Code    10  h1_init.o(.text)
    __Heap_DescSize                          0x08000feb   Thumb Code     4  h1_init.o(.text)
    __Heap_ProvideMemory                     0x08000fef   Thumb Code    52  h1_extend.o(.text)
    _ftell_internal                          0x08001023   Thumb Code    66  ftell.o(.text)
    ftell                                    0x08001023   Thumb Code     0  ftell.o(.text)
    __default_signal_display                 0x08001065   Thumb Code    50  defsig_general.o(.text)
    __rt_SIGRTMEM                            0x08001097   Thumb Code    14  defsig_rtmem_outer.o(.text)
    _ttywrch                                 0x080010a5   Thumb Code    14  sys_wrch.o(.text)
    __aeabi_errno_addr                       0x080010b5   Thumb Code     8  rt_errno_addr_intlibspace.o(.text)
    __errno$intlibspace                      0x080010b5   Thumb Code     0  rt_errno_addr_intlibspace.o(.text)
    __rt_errno_addr$intlibspace              0x080010b5   Thumb Code     0  rt_errno_addr_intlibspace.o(.text)
    __rt_SIGRTMEM_inner                      0x080010bd   Thumb Code    22  defsig_rtmem_inner.o(.text)
    SystemInit                               0x080011cd   Thumb Code    74  system_stm32f10x.o(i.SystemInit)
    W5500_rxtx                               0x08001225   Thumb Code    42  spi.o(i.W5500_rxtx)
    WIZCHIP_READ                             0x08001255   Thumb Code    70  w5500.o(i.WIZCHIP_READ)
    WIZCHIP_READ_BUF                         0x080012a1   Thumb Code    94  w5500.o(i.WIZCHIP_READ_BUF)
    WIZCHIP_WRITE                            0x08001305   Thumb Code    72  w5500.o(i.WIZCHIP_WRITE)
    WIZCHIP_WRITE_BUF                        0x08001351   Thumb Code    96  w5500.o(i.WIZCHIP_WRITE_BUF)
    _is_digit                                0x080013b5   Thumb Code    14  __printf_wp.o(i._is_digit)
    close                                    0x080013c5   Thumb Code   128  socket.o(i.close)
    ctlnetwork                               0x08001451   Thumb Code    80  wizchip_conf.o(i.ctlnetwork)
    ctlwizchip                               0x080014a1   Thumb Code   276  wizchip_conf.o(i.ctlwizchip)
    disconnect                               0x080015b9   Thumb Code   180  socket.o(i.disconnect)
    fputc                                    0x08001675   Thumb Code    26  fputc.o(i.fputc)
    getSn_RX_RSR                             0x0800168f   Thumb Code   108  w5500.o(i.getSn_RX_RSR)
    getSn_TX_FSR                             0x080016fb   Thumb Code   108  w5500.o(i.getSn_TX_FSR)
    listen                                   0x08001767   Thumb Code   176  socket.o(i.listen)
    loopback_tcps                            0x08001819   Thumb Code   294  main.o(i.loopback_tcps)
    loopback_udps                            0x080019a1   Thumb Code   200  main.o(i.loopback_udps)
    main                                     0x08001ac5   Thumb Code   142  main.o(i.main)
    network_init                             0x08001bbd   Thumb Code   156  main.o(i.network_init)
    recv                                     0x08001d09   Thumb Code   282  socket.o(i.recv)
    recvfrom                                 0x08001e29   Thumb Code   602  socket.o(i.recvfrom)
    reg_wizchip_cs_cbfunc                    0x08002091   Thumb Code    26  wizchip_conf.o(i.reg_wizchip_cs_cbfunc)
    reg_wizchip_spi_cbfunc                   0x080020b9   Thumb Code    40  wizchip_conf.o(i.reg_wizchip_spi_cbfunc)
    send                                     0x080020ed   Thumb Code   374  socket.o(i.send)
    sendto                                   0x0800226d   Thumb Code   460  socket.o(i.sendto)
    socket                                   0x0800243d   Thumb Code   346  socket.o(i.socket)
    spiW5500_init                            0x080025ad   Thumb Code   214  spi.o(i.spiW5500_init)
    wiz_recv_data                            0x080026a1   Thumb Code   132  w5500.o(i.wiz_recv_data)
    wiz_recv_ignore                          0x08002725   Thumb Code   102  w5500.o(i.wiz_recv_ignore)
    wiz_send_data                            0x0800278b   Thumb Code   132  w5500.o(i.wiz_send_data)
    wizchip_bus_readbyte                     0x0800280f   Thumb Code     6  wizchip_conf.o(i.wizchip_bus_readbyte)
    wizchip_bus_writebyte                    0x08002815   Thumb Code     4  wizchip_conf.o(i.wizchip_bus_writebyte)
    wizchip_clrinterrupt                     0x08002819   Thumb Code    32  wizchip_conf.o(i.wizchip_clrinterrupt)
    wizchip_cris_enter                       0x08002839   Thumb Code     2  wizchip_conf.o(i.wizchip_cris_enter)
    wizchip_cris_exit                        0x0800283b   Thumb Code     2  wizchip_conf.o(i.wizchip_cris_exit)
    wizchip_cs_deselect                      0x0800283d   Thumb Code     2  wizchip_conf.o(i.wizchip_cs_deselect)
    wizchip_cs_select                        0x0800283f   Thumb Code     2  wizchip_conf.o(i.wizchip_cs_select)
    wizchip_deselect                         0x08002841   Thumb Code     8  main.o(i.wizchip_deselect)
    wizchip_getinterrupt                     0x0800284d   Thumb Code    42  wizchip_conf.o(i.wizchip_getinterrupt)
    wizchip_getinterruptmask                 0x08002877   Thumb Code    40  wizchip_conf.o(i.wizchip_getinterruptmask)
    wizchip_getnetinfo                       0x080028a1   Thumb Code    82  wizchip_conf.o(i.wizchip_getnetinfo)
    wizchip_getnetmode                       0x080028fd   Thumb Code    10  wizchip_conf.o(i.wizchip_getnetmode)
    wizchip_gettimeout                       0x08002907   Thumb Code    40  wizchip_conf.o(i.wizchip_gettimeout)
    wizchip_init                             0x0800292f   Thumb Code   144  wizchip_conf.o(i.wizchip_init)
    wizchip_read                             0x080029bf   Thumb Code    10  main.o(i.wizchip_read)
    wizchip_select                           0x080029c9   Thumb Code    10  main.o(i.wizchip_select)
    wizchip_setinterruptmask                 0x080029d9   Thumb Code    30  wizchip_conf.o(i.wizchip_setinterruptmask)
    wizchip_setnetinfo                       0x080029f9   Thumb Code    80  wizchip_conf.o(i.wizchip_setnetinfo)
    wizchip_setnetmode                       0x08002a51   Thumb Code    38  wizchip_conf.o(i.wizchip_setnetmode)
    wizchip_settimeout                       0x08002a77   Thumb Code    38  wizchip_conf.o(i.wizchip_settimeout)
    wizchip_spi_readbyte                     0x08002a9d   Thumb Code     4  wizchip_conf.o(i.wizchip_spi_readbyte)
    wizchip_spi_writebyte                    0x08002aa1   Thumb Code     2  wizchip_conf.o(i.wizchip_spi_writebyte)
    wizchip_sw_reset                         0x08002aa3   Thumb Code   114  wizchip_conf.o(i.wizchip_sw_reset)
    wizchip_write                            0x08002b15   Thumb Code    12  main.o(i.wizchip_write)
    wizphy_getphyconf                        0x08002b21   Thumb Code   120  wizchip_conf.o(i.wizphy_getphyconf)
    wizphy_getphylink                        0x08002b99   Thumb Code    26  wizchip_conf.o(i.wizphy_getphylink)
    wizphy_getphypmode                       0x08002bb3   Thumb Code    28  wizchip_conf.o(i.wizphy_getphypmode)
    wizphy_reset                             0x08002bcf   Thumb Code    52  wizchip_conf.o(i.wizphy_reset)
    wizphy_setphyconf                        0x08002c03   Thumb Code    88  wizchip_conf.o(i.wizphy_setphyconf)
    wizphy_setphypmode                       0x08002c5b   Thumb Code   100  wizchip_conf.o(i.wizphy_setphypmode)
    __stdin_name                             0x08002d09   Data           4  sys_io.o(.constdata)
    __stdout_name                            0x08002d0d   Data           4  sys_io.o(.constdata)
    __stderr_name                            0x08002d11   Data           4  sys_io.o(.constdata)
    Region$$Table$$Base                      0x08002d18   Number         0  anon$$obj.o(Region$$Table)
    Region$$Table$$Limit                     0x08002d38   Number         0  anon$$obj.o(Region$$Table)
    gWIZNETINFO                              0x20000000   Data          23  main.o(.data)
    WIZCHIP                                  0x20000028   Data          32  wizchip_conf.o(.data)
    __aeabi_stdin                            0x20000050   Data           4  stdio_streams.o(.data)
    __aeabi_stdout                           0x20000054   Data           4  stdio_streams.o(.data)
    __aeabi_stderr                           0x20000058   Data           4  stdio_streams.o(.data)
    gDATABUF                                 0x2000005c   Data        2048  main.o(.bss)
    __stdin                                  0x2000086c   Data          84  stdio_streams.o(.bss)
    __stdout                                 0x200008c0   Data          84  stdio_streams.o(.bss)
    __stderr                                 0x20000914   Data          84  stdio_streams.o(.bss)
    __libspace_start                         0x20000968   Data          96  libspace.o(.bss)
    __temporary_stack_top$libspace           0x200009c8   Data           0  libspace.o(.bss)



==============================================================================

Memory Map of the image

  Image Entry point : 0x080001e1

  Load Region LR_1 (Base: 0x08000000, Size: 0x00002d94, Max: 0xffffffff, ABSOLUTE)

    Execution Region ER_RO (Exec base: 0x08000000, Load base: 0x08000000, Size: 0x00002d38, Max: 0xffffffff, ABSOLUTE)

    Exec Addr    Load Addr    Size         Type   Attr      Idx    E Section Name        Object

    0x08000000   0x08000000   0x00000120   Data   RO          530    RESET               startup_stm32f10x_md_vl.o
    0x08000120   0x08000120   0x00000008   Code   RO          596  * !!!main             c_w.l(__main.o)
    0x08000128   0x08000128   0x00000034   Code   RO          949    !!!scatter          c_w.l(__scatter.o)
    0x0800015c   0x0800015c   0x0000001a   Code   RO          951    !!handler_copy      c_w.l(__scatter_copy.o)
    0x08000176   0x08000176   0x00000002   PAD
    0x08000178   0x08000178   0x0000001c   Code   RO          953    !!handler_zi        c_w.l(__scatter_zi.o)
    0x08000194   0x08000194   0x00000000   Code   RO          593    .ARM.Collect$$_printf_percent$$00000000  c_w.l(_printf_percent.o)
    0x08000194   0x08000194   0x00000006   Code   RO          592    .ARM.Collect$$_printf_percent$$00000009  c_w.l(_printf_d.o)
    0x0800019a   0x0800019a   0x00000006   Code   RO          591    .ARM.Collect$$_printf_percent$$0000000C  c_w.l(_printf_x.o)
    0x080001a0   0x080001a0   0x00000006   Code   RO          590    .ARM.Collect$$_printf_percent$$00000014  c_w.l(_printf_s.o)
    0x080001a6   0x080001a6   0x00000004   Code   RO          605    .ARM.Collect$$_printf_percent$$00000017  c_w.l(_printf_percent_end.o)
    0x080001aa   0x080001aa   0x00000002   Code   RO          736    .ARM.Collect$$libinit$$00000000  c_w.l(libinit.o)
    0x080001ac   0x080001ac   0x00000000   Code   RO          738    .ARM.Collect$$libinit$$00000002  c_w.l(libinit2.o)
    0x080001ac   0x080001ac   0x00000000   Code   RO          740    .ARM.Collect$$libinit$$00000004  c_w.l(libinit2.o)
    0x080001ac   0x080001ac   0x00000008   Code   RO          741    .ARM.Collect$$libinit$$00000005  c_w.l(libinit2.o)
    0x080001b4   0x080001b4   0x00000000   Code   RO          743    .ARM.Collect$$libinit$$0000000A  c_w.l(libinit2.o)
    0x080001b4   0x080001b4   0x00000000   Code   RO          745    .ARM.Collect$$libinit$$0000000C  c_w.l(libinit2.o)
    0x080001b4   0x080001b4   0x00000000   Code   RO          747    .ARM.Collect$$libinit$$0000000E  c_w.l(libinit2.o)
    0x080001b4   0x080001b4   0x00000000   Code   RO          750    .ARM.Collect$$libinit$$00000011  c_w.l(libinit2.o)
    0x080001b4   0x080001b4   0x00000000   Code   RO          752    .ARM.Collect$$libinit$$00000013  c_w.l(libinit2.o)
    0x080001b4   0x080001b4   0x00000000   Code   RO          754    .ARM.Collect$$libinit$$00000015  c_w.l(libinit2.o)
    0x080001b4   0x080001b4   0x00000000   Code   RO          756    .ARM.Collect$$libinit$$00000017  c_w.l(libinit2.o)
    0x080001b4   0x080001b4   0x00000000   Code   RO          758    .ARM.Collect$$libinit$$00000019  c_w.l(libinit2.o)
    0x080001b4   0x080001b4   0x00000000   Code   RO          760    .ARM.Collect$$libinit$$0000001B  c_w.l(libinit2.o)
    0x080001b4   0x080001b4   0x00000000   Code   RO          762    .ARM.Collect$$libinit$$0000001D  c_w.l(libinit2.o)
    0x080001b4   0x080001b4   0x00000000   Code   RO          764    .ARM.Collect$$libinit$$0000001F  c_w.l(libinit2.o)
    0x080001b4   0x080001b4   0x00000000   Code   RO          766    .ARM.Collect$$libinit$$00000021  c_w.l(libinit2.o)
    0x080001b4   0x080001b4   0x00000000   Code   RO          768    .ARM.Collect$$libinit$$00000023  c_w.l(libinit2.o)
    0x080001b4   0x080001b4   0x00000004   Code   RO          769    .ARM.Collect$$libinit$$00000024  c_w.l(libinit2.o)
    0x080001b8   0x080001b8   0x00000000   Code   RO          770    .ARM.Collect$$libinit$$00000025  c_w.l(libinit2.o)
    0x080001b8   0x080001b8   0x00000000   Code   RO          774    .ARM.Collect$$libinit$$0000002C  c_w.l(libinit2.o)
    0x080001b8   0x080001b8   0x00000000   Code   RO          776    .ARM.Collect$$libinit$$0000002E  c_w.l(libinit2.o)
    0x080001b8   0x080001b8   0x00000000   Code   RO          778    .ARM.Collect$$libinit$$00000030  c_w.l(libinit2.o)
    0x080001b8   0x080001b8   0x00000000   Code   RO          780    .ARM.Collect$$libinit$$00000032  c_w.l(libinit2.o)
    0x080001b8   0x080001b8   0x00000002   Code   RO          781    .ARM.Collect$$libinit$$00000033  c_w.l(libinit2.o)
    0x080001ba   0x080001ba   0x00000002   Code   RO          928    .ARM.Collect$$libshutdown$$00000000  c_w.l(libshutdown.o)
    0x080001bc   0x080001bc   0x00000000   Code   RO          783    .ARM.Collect$$libshutdown$$00000002  c_w.l(libshutdown2.o)
    0x080001bc   0x080001bc   0x00000004   Code   RO          784    .ARM.Collect$$libshutdown$$00000003  c_w.l(libshutdown2.o)
    0x080001c0   0x080001c0   0x00000000   Code   RO          785    .ARM.Collect$$libshutdown$$00000004  c_w.l(libshutdown2.o)
    0x080001c0   0x080001c0   0x00000000   Code   RO          788    .ARM.Collect$$libshutdown$$00000007  c_w.l(libshutdown2.o)
    0x080001c0   0x080001c0   0x00000000   Code   RO          791    .ARM.Collect$$libshutdown$$0000000A  c_w.l(libshutdown2.o)
    0x080001c0   0x080001c0   0x00000000   Code   RO          793    .ARM.Collect$$libshutdown$$0000000C  c_w.l(libshutdown2.o)
    0x080001c0   0x080001c0   0x00000000   Code   RO          796    .ARM.Collect$$libshutdown$$0000000F  c_w.l(libshutdown2.o)
    0x080001c0   0x080001c0   0x00000002   Code   RO          797    .ARM.Collect$$libshutdown$$00000010  c_w.l(libshutdown2.o)
    0x080001c2   0x080001c2   0x00000000   Code   RO          598    .ARM.Collect$$rtentry$$00000000  c_w.l(__rtentry.o)
    0x080001c2   0x080001c2   0x00000000   Code   RO          613    .ARM.Collect$$rtentry$$00000002  c_w.l(__rtentry2.o)
    0x080001c2   0x080001c2   0x00000006   Code   RO          625    .ARM.Collect$$rtentry$$00000004  c_w.l(__rtentry4.o)
    0x080001c8   0x080001c8   0x00000000   Code   RO          615    .ARM.Collect$$rtentry$$00000009  c_w.l(__rtentry2.o)
    0x080001c8   0x080001c8   0x00000004   Code   RO          616    .ARM.Collect$$rtentry$$0000000A  c_w.l(__rtentry2.o)
    0x080001cc   0x080001cc   0x00000000   Code   RO          618    .ARM.Collect$$rtentry$$0000000C  c_w.l(__rtentry2.o)
    0x080001cc   0x080001cc   0x00000008   Code   RO          619    .ARM.Collect$$rtentry$$0000000D  c_w.l(__rtentry2.o)
    0x080001d4   0x080001d4   0x00000002   Code   RO          806    .ARM.Collect$$rtexit$$00000000  c_w.l(rtexit.o)
    0x080001d6   0x080001d6   0x00000000   Code   RO          864    .ARM.Collect$$rtexit$$00000002  c_w.l(rtexit2.o)
    0x080001d6   0x080001d6   0x00000004   Code   RO          865    .ARM.Collect$$rtexit$$00000003  c_w.l(rtexit2.o)
    0x080001da   0x080001da   0x00000006   Code   RO          866    .ARM.Collect$$rtexit$$00000004  c_w.l(rtexit2.o)
    0x080001e0   0x080001e0   0x00000000   Code   RO          870    .emb_text           c_w.l(maybetermalloc1.o)
    0x080001e0   0x080001e0   0x00000040   Code   RO          531  * .text               startup_stm32f10x_md_vl.o
    0x08000220   0x08000220   0x00000018   Code   RO          539    .text               c_w.l(noretval__2printf.o)
    0x08000238   0x08000238   0x0000004e   Code   RO          543    .text               c_w.l(_printf_pad.o)
    0x08000286   0x08000286   0x00000052   Code   RO          545    .text               c_w.l(_printf_str.o)
    0x080002d8   0x080002d8   0x00000078   Code   RO          547    .text               c_w.l(_printf_dec.o)
    0x08000350   0x08000350   0x00000058   Code   RO          552    .text               c_w.l(_printf_hex_int.o)
    0x080003a8   0x080003a8   0x00000188   Code   RO          587    .text               c_w.l(__printf_flags_ss_wp.o)
    0x08000530   0x08000530   0x00000006   Code   RO          594    .text               c_w.l(heapauxi.o)
    0x08000536   0x08000536   0x000000b2   Code   RO          599    .text               c_w.l(_printf_intcommon.o)
    0x080005e8   0x080005e8   0x0000002c   Code   RO          601    .text               c_w.l(_printf_char.o)
    0x08000614   0x08000614   0x00000024   Code   RO          603    .text               c_w.l(_printf_char_file.o)
    0x08000638   0x08000638   0x00000030   Code   RO          627    .text               c_w.l(_printf_char_common.o)
    0x08000668   0x08000668   0x00000008   Code   RO          629    .text               c_w.l(ferror.o)
    0x08000670   0x08000670   0x00000138   Code   RO          635    .text               c_w.l(initio.o)
    0x080007a8   0x080007a8   0x00000066   Code   RO          643    .text               c_w.l(sys_io.o)
    0x0800080e   0x0800080e   0x0000004a   Code   RO          650    .text               c_w.l(sys_stackheap_outer.o)
    0x08000858   0x08000858   0x0000004e   Code   RO          654    .text               c_w.l(h1_free.o)
    0x080008a6   0x080008a6   0x000001d6   Code   RO          710    .text               c_w.l(flsbuf.o)
    0x08000a7c   0x08000a7c   0x00000046   Code   RO          712    .text               c_w.l(setvbuf.o)
    0x08000ac2   0x08000ac2   0x00000002   PAD
    0x08000ac4   0x08000ac4   0x000000ec   Code   RO          715    .text               c_w.l(fopen.o)
    0x08000bb0   0x08000bb0   0x0000004c   Code   RO          717    .text               c_w.l(fclose.o)
    0x08000bfc   0x08000bfc   0x00000012   Code   RO          723    .text               c_w.l(exit.o)
    0x08000c0e   0x08000c0e   0x0000000e   Code   RO          725    .text               c_w.l(defsig_rtred_outer.o)
    0x08000c1c   0x08000c1c   0x0000004e   Code   RO          729    .text               c_w.l(rt_memclr_w.o)
    0x08000c6a   0x08000c6a   0x00000002   PAD
    0x08000c6c   0x08000c6c   0x00000008   Code   RO          800    .text               c_w.l(libspace.o)
    0x08000c74   0x08000c74   0x00000002   Code   RO          803    .text               c_w.l(use_no_semi.o)
    0x08000c76   0x08000c76   0x00000000   Code   RO          805    .text               c_w.l(indicate_semi.o)
    0x08000c76   0x08000c76   0x00000002   PAD
    0x08000c78   0x08000c78   0x00000008   Code   RO          813    .text               c_w.l(rt_heap_descriptor_intlibspace.o)
    0x08000c80   0x08000c80   0x00000004   Code   RO          815    .text               c_w.l(hguard.o)
    0x08000c84   0x08000c84   0x0000008a   Code   RO          817    .text               c_w.l(init_alloc.o)
    0x08000d0e   0x08000d0e   0x0000005e   Code   RO          823    .text               c_w.l(h1_alloc.o)
    0x08000d6c   0x08000d6c   0x000000f8   Code   RO          839    .text               c_w.l(fseek.o)
    0x08000e64   0x08000e64   0x000000f0   Code   RO          841    .text               c_w.l(stdio.o)
    0x08000f54   0x08000f54   0x0000000a   Code   RO          847    .text               c_w.l(defsig_exit.o)
    0x08000f5e   0x08000f5e   0x00000002   PAD
    0x08000f60   0x08000f60   0x00000034   Code   RO          849    .text               c_w.l(defsig_rtred_inner.o)
    0x08000f94   0x08000f94   0x0000003e   Code   RO          853    .text               c_w.l(strlen.o)
    0x08000fd2   0x08000fd2   0x00000002   PAD
    0x08000fd4   0x08000fd4   0x0000000c   Code   RO          861    .text               c_w.l(sys_exit.o)
    0x08000fe0   0x08000fe0   0x0000000e   Code   RO          872    .text               c_w.l(h1_init.o)
    0x08000fee   0x08000fee   0x00000034   Code   RO          874    .text               c_w.l(h1_extend.o)
    0x08001022   0x08001022   0x00000042   Code   RO          884    .text               c_w.l(ftell.o)
    0x08001064   0x08001064   0x00000032   Code   RO          892    .text               c_w.l(defsig_general.o)
    0x08001096   0x08001096   0x0000000e   Code   RO          894    .text               c_w.l(defsig_rtmem_outer.o)
    0x080010a4   0x080010a4   0x0000000e   Code   RO          909    .text               c_w.l(sys_wrch.o)
    0x080010b2   0x080010b2   0x00000002   PAD
    0x080010b4   0x080010b4   0x00000008   Code   RO          916    .text               c_w.l(rt_errno_addr_intlibspace.o)
    0x080010bc   0x080010bc   0x00000050   Code   RO          922    .text               c_w.l(defsig_rtmem_inner.o)
    0x0800110c   0x0800110c   0x00000008   Code   RO          483    i.SetSysClock       system_stm32f10x.o
    0x08001114   0x08001114   0x000000b8   Code   RO          484    i.SetSysClockTo24   system_stm32f10x.o
    0x080011cc   0x080011cc   0x00000058   Code   RO          486    i.SystemInit        system_stm32f10x.o
    0x08001224   0x08001224   0x00000030   Code   RO          462    i.W5500_rxtx        spi.o
    0x08001254   0x08001254   0x0000004c   Code   RO          399    i.WIZCHIP_READ      w5500.o
    0x080012a0   0x080012a0   0x00000064   Code   RO          400    i.WIZCHIP_READ_BUF  w5500.o
    0x08001304   0x08001304   0x0000004c   Code   RO          401    i.WIZCHIP_WRITE     w5500.o
    0x08001350   0x08001350   0x00000064   Code   RO          402    i.WIZCHIP_WRITE_BUF  w5500.o
    0x080013b4   0x080013b4   0x0000000e   Code   RO          580    i._is_digit         c_w.l(__printf_wp.o)
    0x080013c2   0x080013c2   0x00000002   PAD
    0x080013c4   0x080013c4   0x0000008c   Code   RO           99    i.close             socket.o
    0x08001450   0x08001450   0x00000050   Code   RO          183    i.ctlnetwork        wizchip_conf.o
    0x080014a0   0x080014a0   0x00000118   Code   RO          184    i.ctlwizchip        wizchip_conf.o
    0x080015b8   0x080015b8   0x000000bc   Code   RO          102    i.disconnect        socket.o
    0x08001674   0x08001674   0x0000001a   Code   RO          632    i.fputc             c_w.l(fputc.o)
    0x0800168e   0x0800168e   0x0000006c   Code   RO          403    i.getSn_RX_RSR      w5500.o
    0x080016fa   0x080016fa   0x0000006c   Code   RO          404    i.getSn_TX_FSR      w5500.o
    0x08001766   0x08001766   0x000000b0   Code   RO          104    i.listen            socket.o
    0x08001816   0x08001816   0x00000002   PAD
    0x08001818   0x08001818   0x00000188   Code   RO            1    i.loopback_tcps     main.o
    0x080019a0   0x080019a0   0x00000124   Code   RO            2    i.loopback_udps     main.o
    0x08001ac4   0x08001ac4   0x000000f8   Code   RO            3    i.main              main.o
    0x08001bbc   0x08001bbc   0x0000014c   Code   RO            4    i.network_init      main.o
    0x08001d08   0x08001d08   0x00000120   Code   RO          105    i.recv              socket.o
    0x08001e28   0x08001e28   0x00000268   Code   RO          106    i.recvfrom          socket.o
    0x08002090   0x08002090   0x00000028   Code   RO          187    i.reg_wizchip_cs_cbfunc  wizchip_conf.o
    0x080020b8   0x080020b8   0x00000034   Code   RO          188    i.reg_wizchip_spi_cbfunc  wizchip_conf.o
    0x080020ec   0x080020ec   0x00000180   Code   RO          107    i.send              socket.o
    0x0800226c   0x0800226c   0x000001d0   Code   RO          108    i.sendto            socket.o
    0x0800243c   0x0800243c   0x00000170   Code   RO          110    i.socket            socket.o
    0x080025ac   0x080025ac   0x000000f4   Code   RO          463    i.spiW5500_init     spi.o
    0x080026a0   0x080026a0   0x00000084   Code   RO          405    i.wiz_recv_data     w5500.o
    0x08002724   0x08002724   0x00000066   Code   RO          406    i.wiz_recv_ignore   w5500.o
    0x0800278a   0x0800278a   0x00000084   Code   RO          407    i.wiz_send_data     w5500.o
    0x0800280e   0x0800280e   0x00000006   Code   RO          189    i.wizchip_bus_readbyte  wizchip_conf.o
    0x08002814   0x08002814   0x00000004   Code   RO          190    i.wizchip_bus_writebyte  wizchip_conf.o
    0x08002818   0x08002818   0x00000020   Code   RO          191    i.wizchip_clrinterrupt  wizchip_conf.o
    0x08002838   0x08002838   0x00000002   Code   RO          192    i.wizchip_cris_enter  wizchip_conf.o
    0x0800283a   0x0800283a   0x00000002   Code   RO          193    i.wizchip_cris_exit  wizchip_conf.o
    0x0800283c   0x0800283c   0x00000002   Code   RO          194    i.wizchip_cs_deselect  wizchip_conf.o
    0x0800283e   0x0800283e   0x00000002   Code   RO          195    i.wizchip_cs_select  wizchip_conf.o
    0x08002840   0x08002840   0x0000000c   Code   RO            5    i.wizchip_deselect  main.o
    0x0800284c   0x0800284c   0x0000002a   Code   RO          196    i.wizchip_getinterrupt  wizchip_conf.o
    0x08002876   0x08002876   0x00000028   Code   RO          197    i.wizchip_getinterruptmask  wizchip_conf.o
    0x0800289e   0x0800289e   0x00000002   PAD
    0x080028a0   0x080028a0   0x0000005c   Code   RO          198    i.wizchip_getnetinfo  wizchip_conf.o
    0x080028fc   0x080028fc   0x0000000a   Code   RO          199    i.wizchip_getnetmode  wizchip_conf.o
    0x08002906   0x08002906   0x00000028   Code   RO          200    i.wizchip_gettimeout  wizchip_conf.o
    0x0800292e   0x0800292e   0x00000090   Code   RO          201    i.wizchip_init      wizchip_conf.o
    0x080029be   0x080029be   0x0000000a   Code   RO            6    i.wizchip_read      main.o
    0x080029c8   0x080029c8   0x00000010   Code   RO            7    i.wizchip_select    main.o
    0x080029d8   0x080029d8   0x0000001e   Code   RO          202    i.wizchip_setinterruptmask  wizchip_conf.o
    0x080029f6   0x080029f6   0x00000002   PAD
    0x080029f8   0x080029f8   0x00000058   Code   RO          203    i.wizchip_setnetinfo  wizchip_conf.o
    0x08002a50   0x08002a50   0x00000026   Code   RO          204    i.wizchip_setnetmode  wizchip_conf.o
    0x08002a76   0x08002a76   0x00000026   Code   RO          205    i.wizchip_settimeout  wizchip_conf.o
    0x08002a9c   0x08002a9c   0x00000004   Code   RO          206    i.wizchip_spi_readbyte  wizchip_conf.o
    0x08002aa0   0x08002aa0   0x00000002   Code   RO          207    i.wizchip_spi_writebyte  wizchip_conf.o
    0x08002aa2   0x08002aa2   0x00000072   Code   RO          208    i.wizchip_sw_reset  wizchip_conf.o
    0x08002b14   0x08002b14   0x0000000c   Code   RO            8    i.wizchip_write     main.o
    0x08002b20   0x08002b20   0x00000078   Code   RO          209    i.wizphy_getphyconf  wizchip_conf.o
    0x08002b98   0x08002b98   0x0000001a   Code   RO          210    i.wizphy_getphylink  wizchip_conf.o
    0x08002bb2   0x08002bb2   0x0000001c   Code   RO          211    i.wizphy_getphypmode  wizchip_conf.o
    0x08002bce   0x08002bce   0x00000034   Code   RO          213    i.wizphy_reset      wizchip_conf.o
    0x08002c02   0x08002c02   0x00000058   Code   RO          214    i.wizphy_setphyconf  wizchip_conf.o
    0x08002c5a   0x08002c5a   0x00000064   Code   RO          215    i.wizphy_setphypmode  wizchip_conf.o
    0x08002cbe   0x08002cbe   0x00000002   PAD
    0x08002cc0   0x08002cc0   0x00000010   Data   RO           10    .constdata          main.o
    0x08002cd0   0x08002cd0   0x00000028   Data   RO          553    .constdata          c_w.l(_printf_hex_int.o)
    0x08002cf8   0x08002cf8   0x00000011   Data   RO          588    .constdata          c_w.l(__printf_flags_ss_wp.o)
    0x08002d09   0x08002d09   0x00000004   Data   RO          644    .constdata          c_w.l(sys_io.o)
    0x08002d0d   0x08002d0d   0x00000004   Data   RO          645    .constdata          c_w.l(sys_io.o)
    0x08002d11   0x08002d11   0x00000004   Data   RO          646    .constdata          c_w.l(sys_io.o)
    0x08002d15   0x08002d15   0x00000003   PAD
    0x08002d18   0x08002d18   0x00000020   Data   RO          947    Region$$Table       anon$$obj.o


    Execution Region ER_RW (Exec base: 0x20000000, Load base: 0x08002d38, Size: 0x0000005c, Max: 0xffffffff, ABSOLUTE)

    Exec Addr    Load Addr    Size         Type   Attr      Idx    E Section Name        Object

    0x20000000   0x08002d38   0x00000017   Data   RW           11    .data               main.o
    0x20000017   0x08002d4f   0x00000001   PAD
    0x20000018   0x08002d50   0x0000000e   Data   RW          112    .data               socket.o
    0x20000026   0x08002d5e   0x00000002   PAD
    0x20000028   0x08002d60   0x00000025   Data   RW          216    .data               wizchip_conf.o
    0x2000004d   0x08002d85   0x00000003   PAD
    0x20000050   0x08002d88   0x00000004   Data   RW          609    .data               c_w.l(stdio_streams.o)
    0x20000054   0x08002d8c   0x00000004   Data   RW          610    .data               c_w.l(stdio_streams.o)
    0x20000058   0x08002d90   0x00000004   Data   RW          611    .data               c_w.l(stdio_streams.o)


    Execution Region ER_ZI (Exec base: 0x2000005c, Load base: 0x08002d94, Size: 0x00000f6c, Max: 0xffffffff, ABSOLUTE)

    Exec Addr    Load Addr    Size         Type   Attr      Idx    E Section Name        Object

    0x2000005c        -       0x00000800   Zero   RW            9    .bss                main.o
    0x2000085c        -       0x00000010   Zero   RW          111    .bss                socket.o
    0x2000086c        -       0x00000054   Zero   RW          606    .bss                c_w.l(stdio_streams.o)
    0x200008c0        -       0x00000054   Zero   RW          607    .bss                c_w.l(stdio_streams.o)
    0x20000914        -       0x00000054   Zero   RW          608    .bss                c_w.l(stdio_streams.o)
    0x20000968        -       0x00000060   Zero   RW          801    .bss                c_w.l(libspace.o)
    0x200009c8        -       0x00000200   Zero   RW          529    HEAP                startup_stm32f10x_md_vl.o
    0x20000bc8        -       0x00000400   Zero   RW          528    STACK               startup_stm32f10x_md_vl.o


==============================================================================

Image component sizes


      Code (inc. data)   RO Data    RW Data    ZI Data      Debug   Object Name

         0          0          0          0          0         32   core_cm3.o
      1314        482         16         23       2048      12286   main.o
      2624         76          0         14         16       7369   socket.o
       292         36          0          0          0        937   spi.o
        64         26        288          0       1536        788   startup_stm32f10x_md_vl.o
       280         20          0          0          0       1709   system_stm32f10x.o
       934         20          0          0          0       5974   w5500.o
      1598         70          0         37          0      19351   wizchip_conf.o

    ----------------------------------------------------------------------
      7114        730        336         80       3600      48446   Object Totals
         0          0         32          0          0          0   (incl. Generated)
         8          0          0          6          0          0   (incl. Padding)

    ----------------------------------------------------------------------

      Code (inc. data)   RO Data    RW Data    ZI Data      Debug   Library Member Name

         8          0          0          0          0         68   __main.o
       392          4         17          0          0         92   __printf_flags_ss_wp.o
        14          0          0          0          0         68   __printf_wp.o
         0          0          0          0          0          0   __rtentry.o
        12          0          0          0          0          0   __rtentry2.o
         6          0          0          0          0          0   __rtentry4.o
        52          8          0          0          0          0   __scatter.o
        26          0          0          0          0          0   __scatter_copy.o
        28          0          0          0          0          0   __scatter_zi.o
        44          0          0          0          0        108   _printf_char.o
        48          6          0          0          0         96   _printf_char_common.o
        36          4          0          0          0         80   _printf_char_file.o
         6          0          0          0          0          0   _printf_d.o
       120         16          0          0          0         92   _printf_dec.o
        88          4         40          0          0         88   _printf_hex_int.o
       178          0          0          0          0         88   _printf_intcommon.o
        78          0          0          0          0        108   _printf_pad.o
         0          0          0          0          0          0   _printf_percent.o
         4          0          0          0          0          0   _printf_percent_end.o
         6          0          0          0          0          0   _printf_s.o
        82          0          0          0          0         80   _printf_str.o
         6          0          0          0          0          0   _printf_x.o
        10          0          0          0          0         68   defsig_exit.o
        50          0          0          0          0         88   defsig_general.o
        80         58          0          0          0         76   defsig_rtmem_inner.o
        14          0          0          0          0         80   defsig_rtmem_outer.o
        52         38          0          0          0         76   defsig_rtred_inner.o
        14          0          0          0          0         80   defsig_rtred_outer.o
        18          0          0          0          0         80   exit.o
        76          0          0          0          0         88   fclose.o
         8          0          0          0          0         68   ferror.o
       470          0          0          0          0         88   flsbuf.o
       236          4          0          0          0        128   fopen.o
        26          0          0          0          0         68   fputc.o
       248          6          0          0          0         84   fseek.o
        66          0          0          0          0         76   ftell.o
        94          0          0          0          0         80   h1_alloc.o
        52          0          0          0          0         68   h1_extend.o
        78          0          0          0          0         80   h1_free.o
        14          0          0          0          0         84   h1_init.o
         6          0          0          0          0        152   heapauxi.o
         4          0          0          0          0        136   hguard.o
         0          0          0          0          0          0   indicate_semi.o
       138          0          0          0          0        168   init_alloc.o
       312         46          0          0          0        112   initio.o
         2          0          0          0          0          0   libinit.o
        14          0          0          0          0          0   libinit2.o
         2          0          0          0          0          0   libshutdown.o
         6          0          0          0          0          0   libshutdown2.o
         8          4          0          0         96         68   libspace.o
         0          0          0          0          0          0   maybetermalloc1.o
        24          4          0          0          0         84   noretval__2printf.o
         8          4          0          0          0         68   rt_errno_addr_intlibspace.o
         8          4          0          0          0         68   rt_heap_descriptor_intlibspace.o
        78          0          0          0          0         80   rt_memclr_w.o
         2          0          0          0          0          0   rtexit.o
        10          0          0          0          0          0   rtexit2.o
        70          0          0          0          0         80   setvbuf.o
       240          6          0          0          0        156   stdio.o
         0          0          0         12        252          0   stdio_streams.o
        62          0          0          0          0         76   strlen.o
        12          4          0          0          0         68   sys_exit.o
       102          0         12          0          0        240   sys_io.o
        74          0          0          0          0         80   sys_stackheap_outer.o
        14          0          0          0          0         76   sys_wrch.o
         2          0          0          0          0         68   use_no_semi.o

    ----------------------------------------------------------------------
      4054        220         72         12        348       4208   Library Totals
        16          0          3          0          0          0   (incl. Padding)

    ----------------------------------------------------------------------

      Code (inc. data)   RO Data    RW Data    ZI Data      Debug   Library Name

      4038        220         69         12        348       4208   c_w.l

    ----------------------------------------------------------------------
      4054        220         72         12        348       4208   Library Totals

    ----------------------------------------------------------------------

==============================================================================


      Code (inc. data)   RO Data    RW Data    ZI Data      Debug   

     11168        950        408         92       3948      47502   Grand Totals
     11168        950        408         92       3948      47502   ELF Image Totals
     11168        950        408         92          0          0   ROM Totals

==============================================================================

    Total RO  Size (Code + RO Data)                11576 (  11.30kB)
    Total RW  Size (RW Data + ZI Data)              4040 (   3.95kB)
    Total ROM Size (Code + RO Data + RW Data)      11668 (  11.39kB)

==============================================================================

