<html>
<body>
<pre>
<h1>µVision Build Log</h1>
<h2>Tool Versions:</h2>
IDE-Version: µVision V5.21.1.0
Copyright (C) 2016 ARM Ltd and ARM Germany GmbH. All rights reserved.
License Information: ≈‚„ÂÌËÈ ÃÂÎ¸ÌËÍÓ‚, Hattory, LIC=----
 
Tool Versions:
Toolchain:       MDK-Lite  Version: 5.21a
Toolchain Path:  C:\Keil_v5\ARM\ARMCC\Bin
C Compiler:      Armcc.exe V5.06 update 3 (build 300)
Assembler:       Armasm.exe V5.06 update 3 (build 300)
Linker/Locator:  ArmLink.exe V5.06 update 3 (build 300)
Library Manager: ArmAr.exe V5.06 update 3 (build 300)
Hex Converter:   FromElf.exe V5.06 update 3 (build 300)
CPU DLL:         SARMCM3.DLL V5.21a
Dialog DLL:      DCM.DLL V1.13.8.0
Target DLL:      STLink\ST-LINKIII-KEIL_SWO.dll V2.0.18.0
Dialog DLL:      TCM.DLL V1.14.14.0
 
<h2>Project:</h2>
C:\Users\¿‰ÏËÌ\Desktop\Google Drive\ARMProject\STM32F1_ESP8266_WebServer\Stm32F1_ESP8266.uvprojx
Project File Date:  05/14/2017

<h2>Output:</h2>
*** Using Compiler 'V5.06 update 3 (build 300)', folder: 'C:\Keil_v5\ARM\ARMCC\Bin'
Build target 'WebServer'
assembling startup_stm32f10x_md_vl.s...
compiling system_stm32f10x.c...
compiling core_cm3.c...
compiling main.cpp...
compiling ESP8266_AT.cpp...
compiling STM32_Timer_Library.cpp...
compiling ESP8266_SendUart.cpp...
compiling STM32_Termistor_Library.cpp...
compiling STM32_LightAndWaterRelay_Control.cpp...
linking...
Program Size: Code=5040 RO-data=320 RW-data=56 ZI-data=3696  
".\Objects\Stm32F1_ESP8266.axf" - 0 Error(s), 0 Warning(s).

<h2>Collection of Component include folders:</h2>
  C:\Users\¿‰ÏËÌ\Desktop\Google Drive\ARMProject\STM32F1_ESP8266_WebServer\RTE
  C:\Keil_v5\ARM\PACK\Keil\STM32F1xx_DFP\2.1.0\Device\Include

<h2>Collection of Component Files used:</h2>
Build Time Elapsed:  00:00:22
</pre>
</body>
</html>
