<html>
<body>
<pre>
<h1>µVision Build Log</h1>
<h2>Tool Versions:</h2>
IDE-Version: µVision V5.22.0.0
Copyright (C) 2016 ARM Ltd and ARM Germany GmbH. All rights reserved.
License Information: Evgeny Hattory, 111, LIC=----
 
Tool Versions:
Toolchain:       MDK-Lite  Version: 5.22
Toolchain Path:  C:\Keil_v5\ARM\ARMCC\Bin
C Compiler:      Armcc.exe V5.06 update 4 (build 422)
Assembler:       Armasm.exe V5.06 update 4 (build 422)
Linker/Locator:  ArmLink.exe V5.06 update 4 (build 422)
Library Manager: ArmAr.exe V5.06 update 4 (build 422)
Hex Converter:   FromElf.exe V5.06 update 4 (build 422)
CPU DLL:         SARMCM3.DLL V5.22
Dialog DLL:      DCM.DLL V1.13.9.0
Target DLL:      STLink\ST-LINKIII-KEIL_SWO.dll V2.0.18.0
Dialog DLL:      TCM.DLL V1.21.0.0
 
<h2>Project:</h2>
D:\Google Äèñê\ARMProject\GSM_Shield_SIM900_STM32F1(C++ project)\GSM_Shield_SIM900_STM32F1.uvprojx
Project File Date:  03/16/2017

<h2>Output:</h2>
*** Using Compiler 'V5.06 update 4 (build 422)', folder: 'C:\Keil_v5\ARM\ARMCC\Bin'
Build target '16.02.2017'
compiling main.cpp...
.\Libriary\GSMShieldSIM900.h(33): warning:  #1-D: last line of file ends without a newline
  int HTTPGetMethod();    //HTTP Get Method, reading initializated HTTP page.                       
Main\main.cpp: 1 warning, 0 errors
compiling GSMShieldSIM900.cpp...
Libriary\GSMShieldSIM900.h(33): warning:  #1-D: last line of file ends without a newline
  int HTTPGetMethod();    //HTTP Get Method, reading initializated HTTP page.                       
Libriary\GSMShieldSIM900.cpp: 1 warning, 0 errors
linking...
Program Size: Code=1724 RO-data=320 RW-data=16 ZI-data=2232  
".\Objects\GSM_Shield_SIM900_STM32F1.axf" - 0 Error(s), 2 Warning(s).

<h2>Collection of Component include folders:</h2>
  D:\Google Äèñê\ARMProject\GSM_Shield_SIM900_STM32F1(C++ project)\RTE\_16.02.2017
  C:\Keil_v5\ARM\PACK\Keil\STM32F1xx_DFP\2.1.0\Device\Include

<h2>Collection of Component Files used:</h2>
Build Time Elapsed:  00:00:02
</pre>
</body>
</html>
