<html>
<body>
<pre>
<h1>µVision Build Log</h1>
<h2>Tool Versions:</h2>
IDE-Version: µVision V5.24.2.0
Copyright (C) 2017 ARM Ltd and ARM Germany GmbH. All rights reserved.
License Information: Evgeny Hattory, 111, LIC=----
 
Tool Versions:
Toolchain:       MDK-Lite  Version: 5.24.1
Toolchain Path:  C:\Keil_v5\ARM\ARMCC\Bin
C Compiler:      Armcc.exe V5.06 update 5 (build 528)
Assembler:       Armasm.exe V5.06 update 5 (build 528)
Linker/Locator:  ArmLink.exe V5.06 update 5 (build 528)
Library Manager: ArmAr.exe V5.06 update 5 (build 528)
Hex Converter:   FromElf.exe V5.06 update 5 (build 528)
CPU DLL:         SARMCM3.DLL V5.24.1
Dialog DLL:      DCM.DLL V1.16.0.0
Target DLL:      STLink\ST-LINKIII-KEIL_SWO.dll V3.0.1.0
Dialog DLL:      TCM.DLL V1.32.0.0
 
<h2>Project:</h2>
D:\Google Äèñê\ARMProject\StepMotorCont_X3_STM32f1\22.09.2017.uvprojx
Project File Date:  09/22/2017

<h2>Output:</h2>
*** Using Compiler 'V5.06 update 5 (build 528)', folder: 'C:\Keil_v5\ARM\ARMCC\Bin'
Build target 'Target 1'
compiling StepMotor_InitAndWork.c...
StepMotor_InitAndWork.c(37): warning:  #1295-D: Deprecated declaration StepCountFirstForward - give arg types
  uint8_t StepCountFirstForward();  //Counting half-step number forward for first motor
StepMotor_InitAndWork.c(38): warning:  #1295-D: Deprecated declaration StepCountFirstBack - give arg types
  uint8_t StepCountFirstBack();     //Counting half-step number back for first motor
StepMotor_InitAndWork.c(40): warning:  #1295-D: Deprecated declaration StepCountSecondForward - give arg types
  uint8_t StepCountSecondForward();  //Counting half-step number forward for second motor
StepMotor_InitAndWork.c(41): warning:  #1295-D: Deprecated declaration StepCountSecondBack - give arg types
  uint8_t StepCountSecondBack();     //Counting half-step number back for second motor
StepMotor_InitAndWork.c: 4 warnings, 0 errors
linking...
Program Size: Code=1308 RO-data=320 RW-data=20 ZI-data=1636  
".\22.09.2017" - 0 Error(s), 4 Warning(s).

<h2>Software Packages used:</h2>

Package Vendor: ARM
                http://www.keil.com/pack/ARM.CMSIS.5.1.1.pack
                ARM.CMSIS.5.1.1
                CMSIS (Cortex Microcontroller Software Interface Standard)
   * Component: CORE Version: 5.0.2

Package Vendor: Keil
                http://www.keil.com/pack/Keil.STM32F1xx_DFP.2.2.0.pack
                Keil.STM32F1xx_DFP.2.2.0
                STMicroelectronics STM32F1 Series Device Support, Drivers and Examples
   * Component: Startup Version: 1.0.0

<h2>Collection of Component include folders:</h2>
  .\RTE\Device\STM32F100RB
  .\RTE\_Target_1
  C:\Keil_v5\ARM\PACK\ARM\CMSIS\5.1.1\CMSIS\Include
  C:\Keil_v5\ARM\PACK\Keil\STM32F1xx_DFP\2.2.0\Device\Include

<h2>Collection of Component Files used:</h2>

   * Component: Keil::Device:Startup:1.0.0
      Source file:   Device\Source\ARM\STM32F1xx_OPT.s
      Source file:   Device\Source\ARM\startup_stm32f10x_md_vl.s
      Source file:   Device\Source\system_stm32f10x.c
      Include file:  RTE_Driver\Config\RTE_Device.h

   * Component: ARM::CMSIS:CORE:5.0.2
Build Time Elapsed:  00:00:00
</pre>
</body>
</html>
